Component: ARM Compiler 5.06 update 6 (build 750) Tool: armlink [4d35ed]

==============================================================================

Section Cross References

    gpio_driver.o(i.gpio_init) refers to gpio_driver.o(i.gpio_configure_pin_unlock) for gpio_configure_pin_unlock
    gpio_driver.o(i.gpio_init) refers to gpio_driver.o(i.gpio_set_alt_function) for gpio_set_alt_function
    gpio_driver.o(i.gpio_init) refers to gpio_driver.o(i.gpio_configure_pin_mode) for gpio_configure_pin_mode
    gpio_driver.o(i.gpio_init) refers to gpio_driver.o(i.gpio_configure_pin_iotype) for gpio_configure_pin_iotype
    gpio_driver.o(i.gpio_init) refers to gpio_driver.o(i.gpio_configure_pin_pupd) for gpio_configure_pin_pupd
    led.o(i.led_init) refers to gpio_driver.o(i.gpio_init) for gpio_init
    led.o(i.led_toggle) refers to gpio_driver.o(i.gpio_read_from_pin) for gpio_read_from_pin
    led.o(i.led_toggle) refers to gpio_driver.o(i.gpio_write_to_pin) for gpio_write_to_pin
    led.o(i.led_turn_off) refers to gpio_driver.o(i.gpio_write_to_pin) for gpio_write_to_pin
    led.o(i.led_turn_on) refers to gpio_driver.o(i.gpio_write_to_pin) for gpio_write_to_pin
    led.o(i.sw_init) refers to gpio_driver.o(i.gpio_init) for gpio_init
    uart_app2.o(i.GPIOF_Handler) refers to rt_memcpy_w.o(.text) for __aeabi_memcpy4
    uart_app2.o(i.GPIOF_Handler) refers to uart_app2.o(i.UARTTransmit) for UARTTransmit
    uart_app2.o(i.GPIOF_Handler) refers to gpio_driver.o(i.gpio_clear_interrupt) for gpio_clear_interrupt
    uart_app2.o(i.GPIOF_Handler) refers to gpio_driver.o(i.NVIC_clear_interrupt) for NVIC_clear_interrupt
    uart_app2.o(i.UART0_Handler) refers to uart_app2.o(i.UARTReceive) for UARTReceive
    uart_app2.o(i.UART0_Handler) refers to led.o(i.led_turn_on) for led_turn_on
    uart_app2.o(i.UART0_Handler) refers to led.o(i.led_turn_off) for led_turn_off
    uart_app2.o(i.UART0_Handler) refers to led.o(i.led_toggle) for led_toggle
    uart_app2.o(i.UART0_Handler) refers to uart_app2.o(i.delay) for delay
    uart_app2.o(i.UART0_Handler) refers to uart_driver.o(i.UARTInterruptClear) for UARTInterruptClear
    uart_app2.o(i.UART0_Handler) refers to gpio_driver.o(i.NVIC_clear_interrupt) for NVIC_clear_interrupt
    uart_app2.o(i.UARTReceive) refers to uart_driver.o(i.UARTFlagCheck) for UARTFlagCheck
    uart_app2.o(i.UARTReceive) refers to uart_driver.o(i.UARTReadByte) for UARTReadByte
    uart_app2.o(i.UARTTransmit) refers to uart_driver.o(i.UARTFlagCheck) for UARTFlagCheck
    uart_app2.o(i.UARTTransmit) refers to uart_driver.o(i.UARTWriteByte) for UARTWriteByte
    uart_app2.o(i.main) refers to led.o(i.led_init) for led_init
    uart_app2.o(i.main) refers to led.o(i.sw_init) for sw_init
    uart_app2.o(i.main) refers to uart_app2.o(i.uart_gpio_init) for uart_gpio_init
    uart_app2.o(i.main) refers to uart_app2.o(i.uart_init) for uart_init
    uart_app2.o(i.main) refers to gpio_driver.o(i.NVIC_enable_interrupt) for NVIC_enable_interrupt
    uart_app2.o(i.main) refers to uart_driver.o(i.UARTInterruptEnable) for UARTInterruptEnable
    uart_app2.o(i.main) refers to gpio_driver.o(i.gpio_enable_interrupt) for gpio_enable_interrupt
    uart_app2.o(i.main) refers to gpio_driver.o(i.gpio_configure_interrupt) for gpio_configure_interrupt
    uart_app2.o(i.uart_gpio_init) refers to gpio_driver.o(i.gpio_init) for gpio_init
    uart_app2.o(i.uart_init) refers to uart_driver.o(i.UARTDisable) for UARTDisable
    uart_app2.o(i.uart_init) refers to uart_driver.o(i.UARTBaudIntDivSet) for UARTBaudIntDivSet
    uart_app2.o(i.uart_init) refers to uart_driver.o(i.UARTBaudFracDivSet) for UARTBaudFracDivSet
    uart_app2.o(i.uart_init) refers to uart_driver.o(i.UARTWordWidthSet) for UARTWordWidthSet
    uart_app2.o(i.uart_init) refers to uart_driver.o(i.UARTLineControlSet) for UARTLineControlSet
    uart_app2.o(i.uart_init) refers to uart_driver.o(i.UARTRxIntFIFOLvlSet) for UARTRxIntFIFOLvlSet
    uart_app2.o(i.uart_init) refers to uart_driver.o(i.UART9BitAdrSet) for UART9BitAdrSet
    uart_app2.o(i.uart_init) refers to uart_driver.o(i.UARTEnable) for UARTEnable
    startup_tm4c123.o(STACK) refers (Special) to heapauxi.o(.text) for __use_two_region_memory
    startup_tm4c123.o(HEAP) refers (Special) to heapauxi.o(.text) for __use_two_region_memory
    startup_tm4c123.o(RESET) refers (Special) to heapauxi.o(.text) for __use_two_region_memory
    startup_tm4c123.o(RESET) refers to startup_tm4c123.o(STACK) for __initial_sp
    startup_tm4c123.o(RESET) refers to startup_tm4c123.o(.text) for Reset_Handler
    startup_tm4c123.o(RESET) refers to uart_app2.o(i.UART0_Handler) for UART0_Handler
    startup_tm4c123.o(RESET) refers to uart_app2.o(i.GPIOF_Handler) for GPIOF_Handler
    startup_tm4c123.o(.text) refers (Special) to heapauxi.o(.text) for __use_two_region_memory
    startup_tm4c123.o(.text) refers to system_tm4c123.o(i.SystemInit) for SystemInit
    startup_tm4c123.o(.text) refers to __main.o(!!!main) for __main
    startup_tm4c123.o(.text) refers to startup_tm4c123.o(HEAP) for Heap_Mem
    startup_tm4c123.o(.text) refers to startup_tm4c123.o(STACK) for Stack_Mem
    system_tm4c123.o(i.SystemCoreClockUpdate) refers to system_tm4c123.o(i.getOscClk) for getOscClk
    system_tm4c123.o(i.SystemCoreClockUpdate) refers to system_tm4c123.o(.data) for SystemCoreClock
    __main.o(!!!main) refers to __rtentry.o(.ARM.Collect$$rtentry$$00000000) for __rt_entry
    __rtentry.o(.ARM.Collect$$rtentry$$00000000) refers (Special) to __rtentry2.o(.ARM.Collect$$rtentry$$0000000A) for __rt_entry_li
    __rtentry.o(.ARM.Collect$$rtentry$$00000000) refers (Special) to __rtentry2.o(.ARM.Collect$$rtentry$$0000000D) for __rt_entry_main
    __rtentry.o(.ARM.Collect$$rtentry$$00000000) refers (Special) to __rtentry2.o(.ARM.Collect$$rtentry$$0000000C) for __rt_entry_postli_1
    __rtentry.o(.ARM.Collect$$rtentry$$00000000) refers (Special) to __rtentry2.o(.ARM.Collect$$rtentry$$00000009) for __rt_entry_postsh_1
    __rtentry.o(.ARM.Collect$$rtentry$$00000000) refers (Special) to __rtentry2.o(.ARM.Collect$$rtentry$$00000002) for __rt_entry_presh_1
    __rtentry.o(.ARM.Collect$$rtentry$$00000000) refers (Special) to __rtentry4.o(.ARM.Collect$$rtentry$$00000004) for __rt_entry_sh
    __rtentry2.o(.ARM.Collect$$rtentry$$00000008) refers to boardinit2.o(.text) for _platform_post_stackheap_init
    __rtentry2.o(.ARM.Collect$$rtentry$$0000000A) refers to libinit.o(.ARM.Collect$$libinit$$00000000) for __rt_lib_init
    __rtentry2.o(.ARM.Collect$$rtentry$$0000000B) refers to boardinit3.o(.text) for _platform_post_lib_init
    __rtentry2.o(.ARM.Collect$$rtentry$$0000000D) refers to uart_app2.o(i.main) for main
    __rtentry2.o(.ARM.Collect$$rtentry$$0000000D) refers to exit.o(.text) for exit
    __rtentry2.o(.ARM.exidx) refers to __rtentry2.o(.ARM.Collect$$rtentry$$00000001) for .ARM.Collect$$rtentry$$00000001
    __rtentry2.o(.ARM.exidx) refers to __rtentry2.o(.ARM.Collect$$rtentry$$00000008) for .ARM.Collect$$rtentry$$00000008
    __rtentry2.o(.ARM.exidx) refers to __rtentry2.o(.ARM.Collect$$rtentry$$0000000A) for .ARM.Collect$$rtentry$$0000000A
    __rtentry2.o(.ARM.exidx) refers to __rtentry2.o(.ARM.Collect$$rtentry$$0000000B) for .ARM.Collect$$rtentry$$0000000B
    __rtentry2.o(.ARM.exidx) refers to __rtentry2.o(.ARM.Collect$$rtentry$$0000000D) for .ARM.Collect$$rtentry$$0000000D
    __rtentry4.o(.ARM.Collect$$rtentry$$00000004) refers to sys_stackheap_outer.o(.text) for __user_setup_stackheap
    __rtentry4.o(.ARM.exidx) refers to __rtentry4.o(.ARM.Collect$$rtentry$$00000004) for .ARM.Collect$$rtentry$$00000004
    sys_stackheap_outer.o(.text) refers to libspace.o(.text) for __user_perproc_libspace
    sys_stackheap_outer.o(.text) refers to startup_tm4c123.o(.text) for __user_initial_stackheap
    exit.o(.text) refers to rtexit.o(.ARM.Collect$$rtexit$$00000000) for __rt_exit
    libinit.o(.ARM.Collect$$libinit$$00000000) refers (Special) to libinit2.o(.ARM.Collect$$libinit$$0000002E) for __rt_lib_init_alloca_1
    libinit.o(.ARM.Collect$$libinit$$00000000) refers (Special) to libinit2.o(.ARM.Collect$$libinit$$0000002C) for __rt_lib_init_argv_1
    libinit.o(.ARM.Collect$$libinit$$00000000) refers (Special) to libinit2.o(.ARM.Collect$$libinit$$0000001B) for __rt_lib_init_atexit_1
    libinit.o(.ARM.Collect$$libinit$$00000000) refers (Special) to libinit2.o(.ARM.Collect$$libinit$$00000021) for __rt_lib_init_clock_1
    libinit.o(.ARM.Collect$$libinit$$00000000) refers (Special) to libinit2.o(.ARM.Collect$$libinit$$00000032) for __rt_lib_init_cpp_1
    libinit.o(.ARM.Collect$$libinit$$00000000) refers (Special) to libinit2.o(.ARM.Collect$$libinit$$00000030) for __rt_lib_init_exceptions_1
    libinit.o(.ARM.Collect$$libinit$$00000000) refers (Special) to libinit2.o(.ARM.Collect$$libinit$$00000001) for __rt_lib_init_fp_1
    libinit.o(.ARM.Collect$$libinit$$00000000) refers (Special) to libinit2.o(.ARM.Collect$$libinit$$0000001F) for __rt_lib_init_fp_trap_1
    libinit.o(.ARM.Collect$$libinit$$00000000) refers (Special) to libinit2.o(.ARM.Collect$$libinit$$00000023) for __rt_lib_init_getenv_1
    libinit.o(.ARM.Collect$$libinit$$00000000) refers (Special) to libinit2.o(.ARM.Collect$$libinit$$0000000A) for __rt_lib_init_heap_1
    libinit.o(.ARM.Collect$$libinit$$00000000) refers (Special) to libinit2.o(.ARM.Collect$$libinit$$00000011) for __rt_lib_init_lc_collate_1
    libinit.o(.ARM.Collect$$libinit$$00000000) refers (Special) to libinit2.o(.ARM.Collect$$libinit$$00000013) for __rt_lib_init_lc_ctype_1
    libinit.o(.ARM.Collect$$libinit$$00000000) refers (Special) to libinit2.o(.ARM.Collect$$libinit$$00000015) for __rt_lib_init_lc_monetary_1
    libinit.o(.ARM.Collect$$libinit$$00000000) refers (Special) to libinit2.o(.ARM.Collect$$libinit$$00000017) for __rt_lib_init_lc_numeric_1
    libinit.o(.ARM.Collect$$libinit$$00000000) refers (Special) to libinit2.o(.ARM.Collect$$libinit$$00000019) for __rt_lib_init_lc_time_1
    libinit.o(.ARM.Collect$$libinit$$00000000) refers (Special) to libinit2.o(.ARM.Collect$$libinit$$00000004) for __rt_lib_init_preinit_1
    libinit.o(.ARM.Collect$$libinit$$00000000) refers (Special) to libinit2.o(.ARM.Collect$$libinit$$0000000E) for __rt_lib_init_rand_1
    libinit.o(.ARM.Collect$$libinit$$00000000) refers (Special) to libinit2.o(.ARM.Collect$$libinit$$00000033) for __rt_lib_init_return
    libinit.o(.ARM.Collect$$libinit$$00000000) refers (Special) to libinit2.o(.ARM.Collect$$libinit$$0000001D) for __rt_lib_init_signal_1
    libinit.o(.ARM.Collect$$libinit$$00000000) refers (Special) to libinit2.o(.ARM.Collect$$libinit$$00000025) for __rt_lib_init_stdio_1
    libinit.o(.ARM.Collect$$libinit$$00000000) refers (Special) to libinit2.o(.ARM.Collect$$libinit$$0000000C) for __rt_lib_init_user_alloc_1
    libspace.o(.text) refers to libspace.o(.bss) for __libspace_start
    rtexit.o(.ARM.Collect$$rtexit$$00000000) refers (Special) to rtexit2.o(.ARM.Collect$$rtexit$$00000004) for __rt_exit_exit
    rtexit.o(.ARM.Collect$$rtexit$$00000000) refers (Special) to rtexit2.o(.ARM.Collect$$rtexit$$00000003) for __rt_exit_ls
    rtexit.o(.ARM.Collect$$rtexit$$00000000) refers (Special) to rtexit2.o(.ARM.Collect$$rtexit$$00000002) for __rt_exit_prels_1
    rtexit.o(.ARM.exidx) refers (Special) to rtexit2.o(.ARM.Collect$$rtexit$$00000004) for __rt_exit_exit
    rtexit.o(.ARM.exidx) refers (Special) to rtexit2.o(.ARM.Collect$$rtexit$$00000003) for __rt_exit_ls
    rtexit.o(.ARM.exidx) refers (Special) to rtexit2.o(.ARM.Collect$$rtexit$$00000002) for __rt_exit_prels_1
    rtexit.o(.ARM.exidx) refers to rtexit.o(.ARM.Collect$$rtexit$$00000000) for .ARM.Collect$$rtexit$$00000000
    libinit2.o(.ARM.Collect$$libinit$$00000001) refers to fpinit.o(x$fpl$fpinit) for _fp_init
    libinit2.o(.ARM.Collect$$libinit$$00000010) refers to libinit2.o(.ARM.Collect$$libinit$$0000000F) for .ARM.Collect$$libinit$$0000000F
    libinit2.o(.ARM.Collect$$libinit$$00000012) refers to libinit2.o(.ARM.Collect$$libinit$$0000000F) for .ARM.Collect$$libinit$$0000000F
    libinit2.o(.ARM.Collect$$libinit$$00000014) refers to libinit2.o(.ARM.Collect$$libinit$$0000000F) for .ARM.Collect$$libinit$$0000000F
    libinit2.o(.ARM.Collect$$libinit$$00000016) refers to libinit2.o(.ARM.Collect$$libinit$$0000000F) for .ARM.Collect$$libinit$$0000000F
    libinit2.o(.ARM.Collect$$libinit$$00000018) refers to libinit2.o(.ARM.Collect$$libinit$$0000000F) for .ARM.Collect$$libinit$$0000000F
    libinit2.o(.ARM.Collect$$libinit$$00000026) refers to argv_veneer.o(.emb_text) for __ARM_argv_veneer
    libinit2.o(.ARM.Collect$$libinit$$00000027) refers to argv_veneer.o(.emb_text) for __ARM_argv_veneer
    rtexit2.o(.ARM.Collect$$rtexit$$00000003) refers to libshutdown.o(.ARM.Collect$$libshutdown$$00000000) for __rt_lib_shutdown
    rtexit2.o(.ARM.Collect$$rtexit$$00000004) refers to sys_exit.o(.text) for _sys_exit
    rtexit2.o(.ARM.exidx) refers to rtexit2.o(.ARM.Collect$$rtexit$$00000001) for .ARM.Collect$$rtexit$$00000001
    rtexit2.o(.ARM.exidx) refers to rtexit2.o(.ARM.Collect$$rtexit$$00000003) for .ARM.Collect$$rtexit$$00000003
    rtexit2.o(.ARM.exidx) refers to rtexit2.o(.ARM.Collect$$rtexit$$00000004) for .ARM.Collect$$rtexit$$00000004
    argv_veneer.o(.emb_text) refers to no_argv.o(.text) for __ARM_get_argv
    sys_exit.o(.text) refers (Special) to use_no_semi.o(.text) for __I$use$semihosting
    sys_exit.o(.text) refers (Special) to indicate_semi.o(.text) for __semihosting_library_function
    _get_argv_nomalloc.o(.text) refers (Special) to hrguard.o(.text) for __heap_region$guard
    _get_argv_nomalloc.o(.text) refers to defsig_rtmem_outer.o(.text) for __rt_SIGRTMEM
    _get_argv_nomalloc.o(.text) refers to sys_command.o(.text) for _sys_command_string
    libshutdown.o(.ARM.Collect$$libshutdown$$00000000) refers (Special) to libshutdown2.o(.ARM.Collect$$libshutdown$$00000002) for __rt_lib_shutdown_cpp_1
    libshutdown.o(.ARM.Collect$$libshutdown$$00000000) refers (Special) to libshutdown2.o(.ARM.Collect$$libshutdown$$00000007) for __rt_lib_shutdown_fp_trap_1
    libshutdown.o(.ARM.Collect$$libshutdown$$00000000) refers (Special) to libshutdown2.o(.ARM.Collect$$libshutdown$$0000000F) for __rt_lib_shutdown_heap_1
    libshutdown.o(.ARM.Collect$$libshutdown$$00000000) refers (Special) to libshutdown2.o(.ARM.Collect$$libshutdown$$00000010) for __rt_lib_shutdown_return
    libshutdown.o(.ARM.Collect$$libshutdown$$00000000) refers (Special) to libshutdown2.o(.ARM.Collect$$libshutdown$$0000000A) for __rt_lib_shutdown_signal_1
    libshutdown.o(.ARM.Collect$$libshutdown$$00000000) refers (Special) to libshutdown2.o(.ARM.Collect$$libshutdown$$00000004) for __rt_lib_shutdown_stdio_1
    libshutdown.o(.ARM.Collect$$libshutdown$$00000000) refers (Special) to libshutdown2.o(.ARM.Collect$$libshutdown$$0000000C) for __rt_lib_shutdown_user_alloc_1
    sys_command.o(.text) refers (Special) to use_no_semi.o(.text) for __I$use$semihosting
    sys_command.o(.text) refers (Special) to indicate_semi.o(.text) for __semihosting_library_function
    defsig_rtmem_outer.o(.text) refers to defsig_rtmem_inner.o(.text) for __rt_SIGRTMEM_inner
    defsig_rtmem_outer.o(.text) refers to defsig_exit.o(.text) for __sig_exit
    defsig_rtmem_formal.o(.text) refers to rt_raise.o(.text) for __rt_raise
    rt_raise.o(.text) refers to __raise.o(.text) for __raise
    rt_raise.o(.text) refers to sys_exit.o(.text) for _sys_exit
    defsig_exit.o(.text) refers to sys_exit.o(.text) for _sys_exit
    defsig_rtmem_inner.o(.text) refers to defsig_general.o(.text) for __default_signal_display
    __raise.o(.text) refers to defsig.o(CL$$defsig) for __default_signal_handler
    defsig_general.o(.text) refers to sys_wrch.o(.text) for _ttywrch
    sys_wrch.o(.text) refers (Special) to use_no_semi.o(.text) for __I$use$semihosting
    sys_wrch.o(.text) refers (Special) to indicate_semi.o(.text) for __semihosting_library_function
    defsig.o(CL$$defsig) refers to defsig_rtmem_inner.o(.text) for __rt_SIGRTMEM_inner
    defsig_abrt_inner.o(.text) refers to defsig_general.o(.text) for __default_signal_display
    defsig_fpe_inner.o(.text) refers to defsig_general.o(.text) for __default_signal_display
    defsig_rtred_inner.o(.text) refers to defsig_general.o(.text) for __default_signal_display
    defsig_stak_inner.o(.text) refers to defsig_general.o(.text) for __default_signal_display
    defsig_pvfn_inner.o(.text) refers to defsig_general.o(.text) for __default_signal_display
    defsig_cppl_inner.o(.text) refers to defsig_general.o(.text) for __default_signal_display
    defsig_segv_inner.o(.text) refers to defsig_general.o(.text) for __default_signal_display
    defsig_other.o(.text) refers to defsig_general.o(.text) for __default_signal_display


==============================================================================

Removing Unused input sections from the image.

    Removing uart_driver.o(.rev16_text), (4 bytes).
    Removing uart_driver.o(.revsh_text), (4 bytes).
    Removing uart_driver.o(.rrx_text), (6 bytes).
    Removing uart_driver.o(i.UART9BitAdrGet), (10 bytes).
    Removing uart_driver.o(i.UART9BitAdrMask), (6 bytes).
    Removing uart_driver.o(i.UARTBaudFracDivGet), (8 bytes).
    Removing uart_driver.o(i.UARTBaudIntDivGet), (8 bytes).
    Removing uart_driver.o(i.UARTClearReceiveError), (6 bytes).
    Removing uart_driver.o(i.UARTClearToSendDisable), (10 bytes).
    Removing uart_driver.o(i.UARTClearToSendEnable), (10 bytes).
    Removing uart_driver.o(i.UARTClkConfig), (12 bytes).
    Removing uart_driver.o(i.UARTDMASet), (8 bytes).
    Removing uart_driver.o(i.UARTEndOfTxDisable), (10 bytes).
    Removing uart_driver.o(i.UARTEndOfTxEnable), (10 bytes).
    Removing uart_driver.o(i.UARTHighSpeedDisable), (10 bytes).
    Removing uart_driver.o(i.UARTHighSpeedEnable), (10 bytes).
    Removing uart_driver.o(i.UARTInterruptDisable), (8 bytes).
    Removing uart_driver.o(i.UARTIrDALPDivGet), (8 bytes).
    Removing uart_driver.o(i.UARTIrDALPDivSet), (4 bytes).
    Removing uart_driver.o(i.UARTLoopBackDisable), (10 bytes).
    Removing uart_driver.o(i.UARTLoopBackEnable), (10 bytes).
    Removing uart_driver.o(i.UARTMaskedInterruptGet), (18 bytes).
    Removing uart_driver.o(i.UARTPeriPropSet), (12 bytes).
    Removing uart_driver.o(i.UARTRawInterruptGet), (18 bytes).
    Removing uart_driver.o(i.UARTReceiveDisable), (10 bytes).
    Removing uart_driver.o(i.UARTReceiveEnable), (10 bytes).
    Removing uart_driver.o(i.UARTReceiveErrorCheck), (18 bytes).
    Removing uart_driver.o(i.UARTReqToSendClear), (10 bytes).
    Removing uart_driver.o(i.UARTReqToSendDisable), (10 bytes).
    Removing uart_driver.o(i.UARTReqToSendEnable), (10 bytes).
    Removing uart_driver.o(i.UARTReqToSendSet), (10 bytes).
    Removing uart_driver.o(i.UARTRxIntFIFOLvlGet), (10 bytes).
    Removing uart_driver.o(i.UARTSIRDisable), (10 bytes).
    Removing uart_driver.o(i.UARTSIREnable), (10 bytes).
    Removing uart_driver.o(i.UARTSIRLowPwrEDisable), (10 bytes).
    Removing uart_driver.o(i.UARTSIRLowPwrEnable), (10 bytes).
    Removing uart_driver.o(i.UARTSmartDisable), (10 bytes).
    Removing uart_driver.o(i.UARTSmartEnable), (10 bytes).
    Removing uart_driver.o(i.UARTTransmitDisable), (10 bytes).
    Removing uart_driver.o(i.UARTTransmitEnable), (10 bytes).
    Removing uart_driver.o(i.UARTTxIntFIFOLvlGet), (10 bytes).
    Removing uart_driver.o(i.UARTTxIntFIFOLvlSet), (16 bytes).
    Removing uart_driver.o(i.UARTWordWidthGet), (10 bytes).
    Removing gpio_driver.o(.rev16_text), (4 bytes).
    Removing gpio_driver.o(.revsh_text), (4 bytes).
    Removing gpio_driver.o(.rrx_text), (6 bytes).
    Removing gpio_driver.o(i.NVIC_disable_interrupt), (164 bytes).
    Removing led.o(.rev16_text), (4 bytes).
    Removing led.o(.revsh_text), (4 bytes).
    Removing led.o(.rrx_text), (6 bytes).
    Removing uart_app2.o(.rev16_text), (4 bytes).
    Removing uart_app2.o(.revsh_text), (4 bytes).
    Removing uart_app2.o(.rrx_text), (6 bytes).
    Removing system_tm4c123.o(.rev16_text), (4 bytes).
    Removing system_tm4c123.o(.revsh_text), (4 bytes).
    Removing system_tm4c123.o(.rrx_text), (6 bytes).
    Removing system_tm4c123.o(i.SystemCoreClockUpdate), (196 bytes).
    Removing system_tm4c123.o(i.getOscClk), (244 bytes).
    Removing system_tm4c123.o(.data), (4 bytes).

59 unused section(s) (total 1088 bytes) removed from the image.

==============================================================================

Image Symbol Table

    Local Symbols

    Symbol Name                              Value     Ov Type        Size  Object(Section)

    RESET                                    0x00000000   Section      620  startup_tm4c123.o(RESET)
    ../clib/angel/boardlib.s                 0x00000000   Number         0  boardinit1.o ABSOLUTE
    ../clib/angel/boardlib.s                 0x00000000   Number         0  boardinit2.o ABSOLUTE
    ../clib/angel/boardlib.s                 0x00000000   Number         0  boardinit3.o ABSOLUTE
    ../clib/angel/boardlib.s                 0x00000000   Number         0  boardshut.o ABSOLUTE
    ../clib/angel/handlers.s                 0x00000000   Number         0  __scatter_zi.o ABSOLUTE
    ../clib/angel/kernel.s                   0x00000000   Number         0  rtexit.o ABSOLUTE
    ../clib/angel/kernel.s                   0x00000000   Number         0  __rtentry2.o ABSOLUTE
    ../clib/angel/kernel.s                   0x00000000   Number         0  __rtentry.o ABSOLUTE
    ../clib/angel/kernel.s                   0x00000000   Number         0  rtexit2.o ABSOLUTE
    ../clib/angel/kernel.s                   0x00000000   Number         0  __rtentry4.o ABSOLUTE
    ../clib/angel/rt.s                       0x00000000   Number         0  rt_raise.o ABSOLUTE
    ../clib/angel/scatter.s                  0x00000000   Number         0  __scatter.o ABSOLUTE
    ../clib/angel/startup.s                  0x00000000   Number         0  __main.o ABSOLUTE
    ../clib/angel/sys.s                      0x00000000   Number         0  sys_stackheap_outer.o ABSOLUTE
    ../clib/angel/sys.s                      0x00000000   Number         0  indicate_semi.o ABSOLUTE
    ../clib/angel/sys.s                      0x00000000   Number         0  use_no_semi.o ABSOLUTE
    ../clib/angel/sys.s                      0x00000000   Number         0  libspace.o ABSOLUTE
    ../clib/angel/sysapp.c                   0x00000000   Number         0  sys_exit.o ABSOLUTE
    ../clib/angel/sysapp.c                   0x00000000   Number         0  sys_wrch.o ABSOLUTE
    ../clib/angel/sysapp.c                   0x00000000   Number         0  sys_command.o ABSOLUTE
    ../clib/armsys.c                         0x00000000   Number         0  argv_veneer.o ABSOLUTE
    ../clib/armsys.c                         0x00000000   Number         0  argv_veneer.o ABSOLUTE
    ../clib/armsys.c                         0x00000000   Number         0  no_argv.o ABSOLUTE
    ../clib/armsys.c                         0x00000000   Number         0  _get_argv_nomalloc.o ABSOLUTE
    ../clib/heapalloc.c                      0x00000000   Number         0  hrguard.o ABSOLUTE
    ../clib/heapaux.c                        0x00000000   Number         0  heapauxi.o ABSOLUTE
    ../clib/libinit.s                        0x00000000   Number         0  libinit2.o ABSOLUTE
    ../clib/libinit.s                        0x00000000   Number         0  libshutdown2.o ABSOLUTE
    ../clib/libinit.s                        0x00000000   Number         0  libinit.o ABSOLUTE
    ../clib/libinit.s                        0x00000000   Number         0  libshutdown.o ABSOLUTE
    ../clib/memcpset.s                       0x00000000   Number         0  rt_memcpy_w.o ABSOLUTE
    ../clib/signal.c                         0x00000000   Number         0  defsig_exit.o ABSOLUTE
    ../clib/signal.c                         0x00000000   Number         0  defsig_pvfn_inner.o ABSOLUTE
    ../clib/signal.c                         0x00000000   Number         0  defsig_stak_inner.o ABSOLUTE
    ../clib/signal.c                         0x00000000   Number         0  defsig_rtred_inner.o ABSOLUTE
    ../clib/signal.c                         0x00000000   Number         0  defsig_fpe_inner.o ABSOLUTE
    ../clib/signal.c                         0x00000000   Number         0  defsig_abrt_inner.o ABSOLUTE
    ../clib/signal.c                         0x00000000   Number         0  defsig_cppl_inner.o ABSOLUTE
    ../clib/signal.c                         0x00000000   Number         0  defsig_general.o ABSOLUTE
    ../clib/signal.c                         0x00000000   Number         0  __raise.o ABSOLUTE
    ../clib/signal.c                         0x00000000   Number         0  defsig_rtmem_inner.o ABSOLUTE
    ../clib/signal.c                         0x00000000   Number         0  defsig_segv_inner.o ABSOLUTE
    ../clib/signal.c                         0x00000000   Number         0  defsig_other.o ABSOLUTE
    ../clib/signal.c                         0x00000000   Number         0  defsig_rtmem_formal.o ABSOLUTE
    ../clib/signal.c                         0x00000000   Number         0  defsig_rtmem_outer.o ABSOLUTE
    ../clib/signal.s                         0x00000000   Number         0  defsig.o ABSOLUTE
    ../clib/stdlib.c                         0x00000000   Number         0  exit.o ABSOLUTE
    ../fplib/fpinit.s                        0x00000000   Number         0  fpinit.o ABSOLUTE
    RTE\Device\TM4C123GH6PM\startup_TM4C123.s 0x00000000   Number         0  startup_tm4c123.o ABSOLUTE
    RTE\Device\TM4C123GH6PM\system_TM4C123.c 0x00000000   Number         0  system_tm4c123.o ABSOLUTE
    RTE\\Device\\TM4C123GH6PM\\system_TM4C123.c 0x00000000   Number         0  system_tm4c123.o ABSOLUTE
    dc.s                                     0x00000000   Number         0  dc.o ABSOLUTE
    gpio_driver.c                            0x00000000   Number         0  gpio_driver.o ABSOLUTE
    gpio_driver.c                            0x00000000   Number         0  gpio_driver.o ABSOLUTE
    led.c                                    0x00000000   Number         0  led.o ABSOLUTE
    led.c                                    0x00000000   Number         0  led.o ABSOLUTE
    uart_app2.c                              0x00000000   Number         0  uart_app2.o ABSOLUTE
    uart_app2.c                              0x00000000   Number         0  uart_app2.o ABSOLUTE
    uart_driver.c                            0x00000000   Number         0  uart_driver.o ABSOLUTE
    uart_driver.c                            0x00000000   Number         0  uart_driver.o ABSOLUTE
    !!!main                                  0x0000026c   Section        8  __main.o(!!!main)
    !!!scatter                               0x00000274   Section       52  __scatter.o(!!!scatter)
    !!handler_zi                             0x000002a8   Section       28  __scatter_zi.o(!!handler_zi)
    .ARM.Collect$$libinit$$00000000          0x000002c4   Section        2  libinit.o(.ARM.Collect$$libinit$$00000000)
    .ARM.Collect$$libinit$$00000001          0x000002c6   Section        4  libinit2.o(.ARM.Collect$$libinit$$00000001)
    .ARM.Collect$$libinit$$00000004          0x000002ca   Section        0  libinit2.o(.ARM.Collect$$libinit$$00000004)
    .ARM.Collect$$libinit$$0000000A          0x000002ca   Section        0  libinit2.o(.ARM.Collect$$libinit$$0000000A)
    .ARM.Collect$$libinit$$0000000C          0x000002ca   Section        0  libinit2.o(.ARM.Collect$$libinit$$0000000C)
    .ARM.Collect$$libinit$$0000000E          0x000002ca   Section        0  libinit2.o(.ARM.Collect$$libinit$$0000000E)
    .ARM.Collect$$libinit$$00000011          0x000002ca   Section        0  libinit2.o(.ARM.Collect$$libinit$$00000011)
    .ARM.Collect$$libinit$$00000013          0x000002ca   Section        0  libinit2.o(.ARM.Collect$$libinit$$00000013)
    .ARM.Collect$$libinit$$00000015          0x000002ca   Section        0  libinit2.o(.ARM.Collect$$libinit$$00000015)
    .ARM.Collect$$libinit$$00000017          0x000002ca   Section        0  libinit2.o(.ARM.Collect$$libinit$$00000017)
    .ARM.Collect$$libinit$$00000019          0x000002ca   Section        0  libinit2.o(.ARM.Collect$$libinit$$00000019)
    .ARM.Collect$$libinit$$0000001B          0x000002ca   Section        0  libinit2.o(.ARM.Collect$$libinit$$0000001B)
    .ARM.Collect$$libinit$$0000001D          0x000002ca   Section        0  libinit2.o(.ARM.Collect$$libinit$$0000001D)
    .ARM.Collect$$libinit$$0000001F          0x000002ca   Section        0  libinit2.o(.ARM.Collect$$libinit$$0000001F)
    .ARM.Collect$$libinit$$00000021          0x000002ca   Section        0  libinit2.o(.ARM.Collect$$libinit$$00000021)
    .ARM.Collect$$libinit$$00000023          0x000002ca   Section        0  libinit2.o(.ARM.Collect$$libinit$$00000023)
    .ARM.Collect$$libinit$$00000025          0x000002ca   Section        0  libinit2.o(.ARM.Collect$$libinit$$00000025)
    .ARM.Collect$$libinit$$0000002C          0x000002ca   Section        0  libinit2.o(.ARM.Collect$$libinit$$0000002C)
    .ARM.Collect$$libinit$$0000002E          0x000002ca   Section        0  libinit2.o(.ARM.Collect$$libinit$$0000002E)
    .ARM.Collect$$libinit$$00000030          0x000002ca   Section        0  libinit2.o(.ARM.Collect$$libinit$$00000030)
    .ARM.Collect$$libinit$$00000032          0x000002ca   Section        0  libinit2.o(.ARM.Collect$$libinit$$00000032)
    .ARM.Collect$$libinit$$00000033          0x000002ca   Section        2  libinit2.o(.ARM.Collect$$libinit$$00000033)
    .ARM.Collect$$libshutdown$$00000000      0x000002cc   Section        2  libshutdown.o(.ARM.Collect$$libshutdown$$00000000)
    .ARM.Collect$$libshutdown$$00000002      0x000002ce   Section        0  libshutdown2.o(.ARM.Collect$$libshutdown$$00000002)
    .ARM.Collect$$libshutdown$$00000004      0x000002ce   Section        0  libshutdown2.o(.ARM.Collect$$libshutdown$$00000004)
    .ARM.Collect$$libshutdown$$00000007      0x000002ce   Section        0  libshutdown2.o(.ARM.Collect$$libshutdown$$00000007)
    .ARM.Collect$$libshutdown$$0000000A      0x000002ce   Section        0  libshutdown2.o(.ARM.Collect$$libshutdown$$0000000A)
    .ARM.Collect$$libshutdown$$0000000C      0x000002ce   Section        0  libshutdown2.o(.ARM.Collect$$libshutdown$$0000000C)
    .ARM.Collect$$libshutdown$$0000000F      0x000002ce   Section        0  libshutdown2.o(.ARM.Collect$$libshutdown$$0000000F)
    .ARM.Collect$$libshutdown$$00000010      0x000002ce   Section        2  libshutdown2.o(.ARM.Collect$$libshutdown$$00000010)
    .ARM.Collect$$rtentry$$00000000          0x000002d0   Section        0  __rtentry.o(.ARM.Collect$$rtentry$$00000000)
    .ARM.Collect$$rtentry$$00000002          0x000002d0   Section        0  __rtentry2.o(.ARM.Collect$$rtentry$$00000002)
    .ARM.Collect$$rtentry$$00000004          0x000002d0   Section        6  __rtentry4.o(.ARM.Collect$$rtentry$$00000004)
    .ARM.Collect$$rtentry$$00000009          0x000002d6   Section        0  __rtentry2.o(.ARM.Collect$$rtentry$$00000009)
    .ARM.Collect$$rtentry$$0000000A          0x000002d6   Section        4  __rtentry2.o(.ARM.Collect$$rtentry$$0000000A)
    .ARM.Collect$$rtentry$$0000000C          0x000002da   Section        0  __rtentry2.o(.ARM.Collect$$rtentry$$0000000C)
    .ARM.Collect$$rtentry$$0000000D          0x000002da   Section        8  __rtentry2.o(.ARM.Collect$$rtentry$$0000000D)
    .ARM.Collect$$rtexit$$00000000           0x000002e2   Section        2  rtexit.o(.ARM.Collect$$rtexit$$00000000)
    .ARM.Collect$$rtexit$$00000002           0x000002e4   Section        0  rtexit2.o(.ARM.Collect$$rtexit$$00000002)
    .ARM.Collect$$rtexit$$00000003           0x000002e4   Section        4  rtexit2.o(.ARM.Collect$$rtexit$$00000003)
    .ARM.Collect$$rtexit$$00000004           0x000002e8   Section        6  rtexit2.o(.ARM.Collect$$rtexit$$00000004)
    .text                                    0x000002f0   Section      276  startup_tm4c123.o(.text)
    $v0                                      0x000002f0   Number         0  startup_tm4c123.o(.text)
    .text                                    0x00000404   Section      100  rt_memcpy_w.o(.text)
    .text                                    0x00000468   Section        0  heapauxi.o(.text)
    .text                                    0x0000046e   Section       74  sys_stackheap_outer.o(.text)
    .text                                    0x000004b8   Section        0  exit.o(.text)
    .text                                    0x000004cc   Section        8  libspace.o(.text)
    .text                                    0x000004d4   Section        0  sys_exit.o(.text)
    .text                                    0x000004e0   Section        2  use_no_semi.o(.text)
    .text                                    0x000004e2   Section        0  indicate_semi.o(.text)
    i.GPIOF_Handler                          0x000004e4   Section        0  uart_app2.o(i.GPIOF_Handler)
    i.NVIC_clear_interrupt                   0x00000590   Section        0  gpio_driver.o(i.NVIC_clear_interrupt)
    i.NVIC_enable_interrupt                  0x00000688   Section        0  gpio_driver.o(i.NVIC_enable_interrupt)
    i.SystemInit                             0x0000072c   Section        0  system_tm4c123.o(i.SystemInit)
    i.UART0_Handler                          0x000007c4   Section        0  uart_app2.o(i.UART0_Handler)
    i.UART9BitAdrSet                         0x00000898   Section        0  uart_driver.o(i.UART9BitAdrSet)
    i.UARTBaudFracDivSet                     0x000008ba   Section        0  uart_driver.o(i.UARTBaudFracDivSet)
    i.UARTBaudIntDivSet                      0x000008be   Section        0  uart_driver.o(i.UARTBaudIntDivSet)
    i.UARTDisable                            0x000008c2   Section        0  uart_driver.o(i.UARTDisable)
    i.UARTEnable                             0x000008cc   Section        0  uart_driver.o(i.UARTEnable)
    i.UARTFlagCheck                          0x000008d6   Section        0  uart_driver.o(i.UARTFlagCheck)
    i.UARTInterruptClear                     0x000008e8   Section        0  uart_driver.o(i.UARTInterruptClear)
    i.UARTInterruptEnable                    0x000008f0   Section        0  uart_driver.o(i.UARTInterruptEnable)
    i.UARTLineControlSet                     0x000008f8   Section        0  uart_driver.o(i.UARTLineControlSet)
    i.UARTReadByte                           0x00000900   Section        0  uart_driver.o(i.UARTReadByte)
    i.UARTReceive                            0x00000908   Section        0  uart_app2.o(i.UARTReceive)
    i.UARTRxIntFIFOLvlSet                    0x00000936   Section        0  uart_driver.o(i.UARTRxIntFIFOLvlSet)
    i.UARTTransmit                           0x00000948   Section        0  uart_app2.o(i.UARTTransmit)
    i.UARTWordWidthSet                       0x00000990   Section        0  uart_driver.o(i.UARTWordWidthSet)
    i.UARTWriteByte                          0x0000099a   Section        0  uart_driver.o(i.UARTWriteByte)
    i.delay                                  0x000009a0   Section        0  uart_app2.o(i.delay)
    i.gpio_clear_interrupt                   0x000009b8   Section        0  gpio_driver.o(i.gpio_clear_interrupt)
    i.gpio_configure_interrupt               0x000009d6   Section        0  gpio_driver.o(i.gpio_configure_interrupt)
    i.gpio_configure_pin_iotype              0x00000a3a   Section        0  gpio_driver.o(i.gpio_configure_pin_iotype)
    gpio_configure_pin_iotype                0x00000a3b   Thumb Code    38  gpio_driver.o(i.gpio_configure_pin_iotype)
    i.gpio_configure_pin_mode                0x00000a60   Section        0  gpio_driver.o(i.gpio_configure_pin_mode)
    gpio_configure_pin_mode                  0x00000a61   Thumb Code    28  gpio_driver.o(i.gpio_configure_pin_mode)
    i.gpio_configure_pin_pupd                0x00000a7c   Section        0  gpio_driver.o(i.gpio_configure_pin_pupd)
    gpio_configure_pin_pupd                  0x00000a7d   Thumb Code    62  gpio_driver.o(i.gpio_configure_pin_pupd)
    i.gpio_configure_pin_unlock              0x00000abc   Section        0  gpio_driver.o(i.gpio_configure_pin_unlock)
    gpio_configure_pin_unlock                0x00000abd   Thumb Code    22  gpio_driver.o(i.gpio_configure_pin_unlock)
    i.gpio_enable_interrupt                  0x00000ad8   Section        0  gpio_driver.o(i.gpio_enable_interrupt)
    i.gpio_init                              0x00000ae8   Section        0  gpio_driver.o(i.gpio_init)
    i.gpio_read_from_pin                     0x00000b3c   Section        0  gpio_driver.o(i.gpio_read_from_pin)
    i.gpio_set_alt_function                  0x00000b50   Section        0  gpio_driver.o(i.gpio_set_alt_function)
    gpio_set_alt_function                    0x00000b51   Thumb Code    68  gpio_driver.o(i.gpio_set_alt_function)
    i.gpio_write_to_pin                      0x00000b94   Section        0  gpio_driver.o(i.gpio_write_to_pin)
    i.led_init                               0x00000bb8   Section        0  led.o(i.led_init)
    i.led_toggle                             0x00000c14   Section        0  led.o(i.led_toggle)
    i.led_turn_off                           0x00000c38   Section        0  led.o(i.led_turn_off)
    i.led_turn_on                            0x00000c50   Section        0  led.o(i.led_turn_on)
    i.main                                   0x00000c68   Section        0  uart_app2.o(i.main)
    i.sw_init                                0x00000cbc   Section        0  led.o(i.sw_init)
    i.uart_gpio_init                         0x00000cec   Section        0  uart_app2.o(i.uart_gpio_init)
    i.uart_init                              0x00000d40   Section        0  uart_app2.o(i.uart_init)
    x$fpl$fpinit                             0x00000da4   Section       10  fpinit.o(x$fpl$fpinit)
    $v0                                      0x00000da4   Number         0  fpinit.o(x$fpl$fpinit)
    .bss                                     0x20000000   Section       96  libspace.o(.bss)
    HEAP                                     0x20000060   Section        0  startup_tm4c123.o(HEAP)
    STACK                                    0x20000060   Section      512  startup_tm4c123.o(STACK)
    Heap_Mem                                 0x20000060   Data           0  startup_tm4c123.o(HEAP)
    Stack_Mem                                0x20000060   Data         512  startup_tm4c123.o(STACK)
    __initial_sp                             0x20000260   Data           0  startup_tm4c123.o(STACK)

    Global Symbols

    Symbol Name                              Value     Ov Type        Size  Object(Section)

    BuildAttributes$$THM_ISAv4$E$P$D$K$B$S$7EM$VFPi3$EXTD16$VFPS$VFMA$PE$A:L22UL41UL21$X:L11$S22US41US21$IEEE1$IW$USESV6$~STKCKD$USESV7$~SHL$OSPACE$ROPI$EBA8$UX$STANDARDLIB$REQ8$PRES8$EABIv2 0x00000000   Number         0  anon$$obj.o ABSOLUTE
    __ARM_use_no_argv                        0x00000000   Number         0  uart_app2.o ABSOLUTE
    __Vectors                                0x00000000   Data           4  startup_tm4c123.o(RESET)
    __ARM_exceptions_init                     - Undefined Weak Reference
    __alloca_initialize                       - Undefined Weak Reference
    __arm_preinit_                            - Undefined Weak Reference
    __cpp_initialize__aeabi_                  - Undefined Weak Reference
    __cxa_finalize                            - Undefined Weak Reference
    __rt_locale                               - Undefined Weak Reference
    __sigvec_lookup                           - Undefined Weak Reference
    _atexit_init                              - Undefined Weak Reference
    _call_atexit_fns                          - Undefined Weak Reference
    _clock_init                               - Undefined Weak Reference
    _fp_trap_init                             - Undefined Weak Reference
    _fp_trap_shutdown                         - Undefined Weak Reference
    _get_lc_collate                           - Undefined Weak Reference
    _get_lc_ctype                             - Undefined Weak Reference
    _get_lc_monetary                          - Undefined Weak Reference
    _get_lc_numeric                           - Undefined Weak Reference
    _get_lc_time                              - Undefined Weak Reference
    _getenv_init                              - Undefined Weak Reference
    _handle_redirection                       - Undefined Weak Reference
    _init_alloc                               - Undefined Weak Reference
    _init_user_alloc                          - Undefined Weak Reference
    _initio                                   - Undefined Weak Reference
    _rand_init                                - Undefined Weak Reference
    _signal_finish                            - Undefined Weak Reference
    _signal_init                              - Undefined Weak Reference
    _terminate_alloc                          - Undefined Weak Reference
    _terminate_user_alloc                     - Undefined Weak Reference
    _terminateio                              - Undefined Weak Reference
    __Vectors_End                            0x0000026c   Data           0  startup_tm4c123.o(RESET)
    __Vectors_Size                           0x0000026c   Number         0  startup_tm4c123.o ABSOLUTE
    __main                                   0x0000026d   Thumb Code     8  __main.o(!!!main)
    __scatterload                            0x00000275   Thumb Code     0  __scatter.o(!!!scatter)
    __scatterload_rt2                        0x00000275   Thumb Code    44  __scatter.o(!!!scatter)
    __scatterload_rt2_thumb_only             0x00000275   Thumb Code     0  __scatter.o(!!!scatter)
    __scatterload_null                       0x00000283   Thumb Code     0  __scatter.o(!!!scatter)
    __scatterload_zeroinit                   0x000002a9   Thumb Code    28  __scatter_zi.o(!!handler_zi)
    __rt_lib_init                            0x000002c5   Thumb Code     0  libinit.o(.ARM.Collect$$libinit$$00000000)
    __rt_lib_init_fp_1                       0x000002c7   Thumb Code     0  libinit2.o(.ARM.Collect$$libinit$$00000001)
    __rt_lib_init_alloca_1                   0x000002cb   Thumb Code     0  libinit2.o(.ARM.Collect$$libinit$$0000002E)
    __rt_lib_init_argv_1                     0x000002cb   Thumb Code     0  libinit2.o(.ARM.Collect$$libinit$$0000002C)
    __rt_lib_init_atexit_1                   0x000002cb   Thumb Code     0  libinit2.o(.ARM.Collect$$libinit$$0000001B)
    __rt_lib_init_clock_1                    0x000002cb   Thumb Code     0  libinit2.o(.ARM.Collect$$libinit$$00000021)
    __rt_lib_init_cpp_1                      0x000002cb   Thumb Code     0  libinit2.o(.ARM.Collect$$libinit$$00000032)
    __rt_lib_init_exceptions_1               0x000002cb   Thumb Code     0  libinit2.o(.ARM.Collect$$libinit$$00000030)
    __rt_lib_init_fp_trap_1                  0x000002cb   Thumb Code     0  libinit2.o(.ARM.Collect$$libinit$$0000001F)
    __rt_lib_init_getenv_1                   0x000002cb   Thumb Code     0  libinit2.o(.ARM.Collect$$libinit$$00000023)
    __rt_lib_init_heap_1                     0x000002cb   Thumb Code     0  libinit2.o(.ARM.Collect$$libinit$$0000000A)
    __rt_lib_init_lc_collate_1               0x000002cb   Thumb Code     0  libinit2.o(.ARM.Collect$$libinit$$00000011)
    __rt_lib_init_lc_ctype_1                 0x000002cb   Thumb Code     0  libinit2.o(.ARM.Collect$$libinit$$00000013)
    __rt_lib_init_lc_monetary_1              0x000002cb   Thumb Code     0  libinit2.o(.ARM.Collect$$libinit$$00000015)
    __rt_lib_init_lc_numeric_1               0x000002cb   Thumb Code     0  libinit2.o(.ARM.Collect$$libinit$$00000017)
    __rt_lib_init_lc_time_1                  0x000002cb   Thumb Code     0  libinit2.o(.ARM.Collect$$libinit$$00000019)
    __rt_lib_init_preinit_1                  0x000002cb   Thumb Code     0  libinit2.o(.ARM.Collect$$libinit$$00000004)
    __rt_lib_init_rand_1                     0x000002cb   Thumb Code     0  libinit2.o(.ARM.Collect$$libinit$$0000000E)
    __rt_lib_init_return                     0x000002cb   Thumb Code     0  libinit2.o(.ARM.Collect$$libinit$$00000033)
    __rt_lib_init_signal_1                   0x000002cb   Thumb Code     0  libinit2.o(.ARM.Collect$$libinit$$0000001D)
    __rt_lib_init_stdio_1                    0x000002cb   Thumb Code     0  libinit2.o(.ARM.Collect$$libinit$$00000025)
    __rt_lib_init_user_alloc_1               0x000002cb   Thumb Code     0  libinit2.o(.ARM.Collect$$libinit$$0000000C)
    __rt_lib_shutdown                        0x000002cd   Thumb Code     0  libshutdown.o(.ARM.Collect$$libshutdown$$00000000)
    __rt_lib_shutdown_cpp_1                  0x000002cf   Thumb Code     0  libshutdown2.o(.ARM.Collect$$libshutdown$$00000002)
    __rt_lib_shutdown_fp_trap_1              0x000002cf   Thumb Code     0  libshutdown2.o(.ARM.Collect$$libshutdown$$00000007)
    __rt_lib_shutdown_heap_1                 0x000002cf   Thumb Code     0  libshutdown2.o(.ARM.Collect$$libshutdown$$0000000F)
    __rt_lib_shutdown_return                 0x000002cf   Thumb Code     0  libshutdown2.o(.ARM.Collect$$libshutdown$$00000010)
    __rt_lib_shutdown_signal_1               0x000002cf   Thumb Code     0  libshutdown2.o(.ARM.Collect$$libshutdown$$0000000A)
    __rt_lib_shutdown_stdio_1                0x000002cf   Thumb Code     0  libshutdown2.o(.ARM.Collect$$libshutdown$$00000004)
    __rt_lib_shutdown_user_alloc_1           0x000002cf   Thumb Code     0  libshutdown2.o(.ARM.Collect$$libshutdown$$0000000C)
    __rt_entry                               0x000002d1   Thumb Code     0  __rtentry.o(.ARM.Collect$$rtentry$$00000000)
    __rt_entry_presh_1                       0x000002d1   Thumb Code     0  __rtentry2.o(.ARM.Collect$$rtentry$$00000002)
    __rt_entry_sh                            0x000002d1   Thumb Code     0  __rtentry4.o(.ARM.Collect$$rtentry$$00000004)
    __rt_entry_li                            0x000002d7   Thumb Code     0  __rtentry2.o(.ARM.Collect$$rtentry$$0000000A)
    __rt_entry_postsh_1                      0x000002d7   Thumb Code     0  __rtentry2.o(.ARM.Collect$$rtentry$$00000009)
    __rt_entry_main                          0x000002db   Thumb Code     0  __rtentry2.o(.ARM.Collect$$rtentry$$0000000D)
    __rt_entry_postli_1                      0x000002db   Thumb Code     0  __rtentry2.o(.ARM.Collect$$rtentry$$0000000C)
    __rt_exit                                0x000002e3   Thumb Code     0  rtexit.o(.ARM.Collect$$rtexit$$00000000)
    __rt_exit_ls                             0x000002e5   Thumb Code     0  rtexit2.o(.ARM.Collect$$rtexit$$00000003)
    __rt_exit_prels_1                        0x000002e5   Thumb Code     0  rtexit2.o(.ARM.Collect$$rtexit$$00000002)
    __rt_exit_exit                           0x000002e9   Thumb Code     0  rtexit2.o(.ARM.Collect$$rtexit$$00000004)
    Reset_Handler                            0x000002f1   Thumb Code     8  startup_tm4c123.o(.text)
    NMI_Handler                              0x000002f9   Thumb Code     2  startup_tm4c123.o(.text)
    HardFault_Handler                        0x000002fb   Thumb Code     2  startup_tm4c123.o(.text)
    MemManage_Handler                        0x000002fd   Thumb Code     2  startup_tm4c123.o(.text)
    BusFault_Handler                         0x000002ff   Thumb Code     2  startup_tm4c123.o(.text)
    UsageFault_Handler                       0x00000301   Thumb Code     2  startup_tm4c123.o(.text)
    SVC_Handler                              0x00000303   Thumb Code     2  startup_tm4c123.o(.text)
    DebugMon_Handler                         0x00000305   Thumb Code     2  startup_tm4c123.o(.text)
    PendSV_Handler                           0x00000307   Thumb Code     2  startup_tm4c123.o(.text)
    SysTick_Handler                          0x00000309   Thumb Code     2  startup_tm4c123.o(.text)
    GPIOA_Handler                            0x0000030b   Thumb Code     2  startup_tm4c123.o(.text)
    GPIOB_Handler                            0x0000030d   Thumb Code     2  startup_tm4c123.o(.text)
    GPIOC_Handler                            0x0000030f   Thumb Code     2  startup_tm4c123.o(.text)
    GPIOD_Handler                            0x00000311   Thumb Code     2  startup_tm4c123.o(.text)
    GPIOE_Handler                            0x00000313   Thumb Code     2  startup_tm4c123.o(.text)
    UART1_Handler                            0x00000317   Thumb Code     2  startup_tm4c123.o(.text)
    SSI0_Handler                             0x00000319   Thumb Code     2  startup_tm4c123.o(.text)
    I2C0_Handler                             0x0000031b   Thumb Code     2  startup_tm4c123.o(.text)
    PMW0_FAULT_Handler                       0x0000031d   Thumb Code     2  startup_tm4c123.o(.text)
    PWM0_0_Handler                           0x0000031f   Thumb Code     2  startup_tm4c123.o(.text)
    PWM0_1_Handler                           0x00000321   Thumb Code     2  startup_tm4c123.o(.text)
    PWM0_2_Handler                           0x00000323   Thumb Code     2  startup_tm4c123.o(.text)
    QEI0_Handler                             0x00000325   Thumb Code     2  startup_tm4c123.o(.text)
    ADC0SS0_Handler                          0x00000327   Thumb Code     2  startup_tm4c123.o(.text)
    ADC0SS1_Handler                          0x00000329   Thumb Code     2  startup_tm4c123.o(.text)
    ADC0SS2_Handler                          0x0000032b   Thumb Code     2  startup_tm4c123.o(.text)
    ADC0SS3_Handler                          0x0000032d   Thumb Code     2  startup_tm4c123.o(.text)
    WDT0_Handler                             0x0000032f   Thumb Code     2  startup_tm4c123.o(.text)
    TIMER0A_Handler                          0x00000331   Thumb Code     2  startup_tm4c123.o(.text)
    TIMER0B_Handler                          0x00000333   Thumb Code     2  startup_tm4c123.o(.text)
    TIMER1A_Handler                          0x00000335   Thumb Code     2  startup_tm4c123.o(.text)
    TIMER1B_Handler                          0x00000337   Thumb Code     2  startup_tm4c123.o(.text)
    TIMER2A_Handler                          0x00000339   Thumb Code     2  startup_tm4c123.o(.text)
    TIMER2B_Handler                          0x0000033b   Thumb Code     2  startup_tm4c123.o(.text)
    COMP0_Handler                            0x0000033d   Thumb Code     2  startup_tm4c123.o(.text)
    COMP1_Handler                            0x0000033f   Thumb Code     2  startup_tm4c123.o(.text)
    COMP2_Handler                            0x00000341   Thumb Code     2  startup_tm4c123.o(.text)
    SYSCTL_Handler                           0x00000343   Thumb Code     2  startup_tm4c123.o(.text)
    FLASH_Handler                            0x00000345   Thumb Code     2  startup_tm4c123.o(.text)
    GPIOG_Handler                            0x00000349   Thumb Code     2  startup_tm4c123.o(.text)
    GPIOH_Handler                            0x0000034b   Thumb Code     2  startup_tm4c123.o(.text)
    UART2_Handler                            0x0000034d   Thumb Code     2  startup_tm4c123.o(.text)
    SSI1_Handler                             0x0000034f   Thumb Code     2  startup_tm4c123.o(.text)
    TIMER3A_Handler                          0x00000351   Thumb Code     2  startup_tm4c123.o(.text)
    TIMER3B_Handler                          0x00000353   Thumb Code     2  startup_tm4c123.o(.text)
    I2C1_Handler                             0x00000355   Thumb Code     2  startup_tm4c123.o(.text)
    QEI1_Handler                             0x00000357   Thumb Code     2  startup_tm4c123.o(.text)
    CAN0_Handler                             0x00000359   Thumb Code     2  startup_tm4c123.o(.text)
    CAN1_Handler                             0x0000035b   Thumb Code     2  startup_tm4c123.o(.text)
    CAN2_Handler                             0x0000035d   Thumb Code     2  startup_tm4c123.o(.text)
    HIB_Handler                              0x0000035f   Thumb Code     2  startup_tm4c123.o(.text)
    USB0_Handler                             0x00000361   Thumb Code     2  startup_tm4c123.o(.text)
    PWM0_3_Handler                           0x00000363   Thumb Code     2  startup_tm4c123.o(.text)
    UDMA_Handler                             0x00000365   Thumb Code     2  startup_tm4c123.o(.text)
    UDMAERR_Handler                          0x00000367   Thumb Code     2  startup_tm4c123.o(.text)
    ADC1SS0_Handler                          0x00000369   Thumb Code     2  startup_tm4c123.o(.text)
    ADC1SS1_Handler                          0x0000036b   Thumb Code     2  startup_tm4c123.o(.text)
    ADC1SS2_Handler                          0x0000036d   Thumb Code     2  startup_tm4c123.o(.text)
    ADC1SS3_Handler                          0x0000036f   Thumb Code     2  startup_tm4c123.o(.text)
    GPIOJ_Handler                            0x00000371   Thumb Code     2  startup_tm4c123.o(.text)
    GPIOK_Handler                            0x00000373   Thumb Code     2  startup_tm4c123.o(.text)
    GPIOL_Handler                            0x00000375   Thumb Code     2  startup_tm4c123.o(.text)
    SSI2_Handler                             0x00000377   Thumb Code     2  startup_tm4c123.o(.text)
    SSI3_Handler                             0x00000379   Thumb Code     2  startup_tm4c123.o(.text)
    UART3_Handler                            0x0000037b   Thumb Code     2  startup_tm4c123.o(.text)
    UART4_Handler                            0x0000037d   Thumb Code     2  startup_tm4c123.o(.text)
    UART5_Handler                            0x0000037f   Thumb Code     2  startup_tm4c123.o(.text)
    UART6_Handler                            0x00000381   Thumb Code     2  startup_tm4c123.o(.text)
    UART7_Handler                            0x00000383   Thumb Code     2  startup_tm4c123.o(.text)
    I2C2_Handler                             0x00000385   Thumb Code     2  startup_tm4c123.o(.text)
    I2C3_Handler                             0x00000387   Thumb Code     2  startup_tm4c123.o(.text)
    TIMER4A_Handler                          0x00000389   Thumb Code     2  startup_tm4c123.o(.text)
    TIMER4B_Handler                          0x0000038b   Thumb Code     2  startup_tm4c123.o(.text)
    TIMER5A_Handler                          0x0000038d   Thumb Code     2  startup_tm4c123.o(.text)
    TIMER5B_Handler                          0x0000038f   Thumb Code     2  startup_tm4c123.o(.text)
    WTIMER0A_Handler                         0x00000391   Thumb Code     2  startup_tm4c123.o(.text)
    WTIMER0B_Handler                         0x00000393   Thumb Code     2  startup_tm4c123.o(.text)
    WTIMER1A_Handler                         0x00000395   Thumb Code     2  startup_tm4c123.o(.text)
    WTIMER1B_Handler                         0x00000397   Thumb Code     2  startup_tm4c123.o(.text)
    WTIMER2A_Handler                         0x00000399   Thumb Code     2  startup_tm4c123.o(.text)
    WTIMER2B_Handler                         0x0000039b   Thumb Code     2  startup_tm4c123.o(.text)
    WTIMER3A_Handler                         0x0000039d   Thumb Code     2  startup_tm4c123.o(.text)
    WTIMER3B_Handler                         0x0000039f   Thumb Code     2  startup_tm4c123.o(.text)
    WTIMER4A_Handler                         0x000003a1   Thumb Code     2  startup_tm4c123.o(.text)
    WTIMER4B_Handler                         0x000003a3   Thumb Code     2  startup_tm4c123.o(.text)
    WTIMER5A_Handler                         0x000003a5   Thumb Code     2  startup_tm4c123.o(.text)
    WTIMER5B_Handler                         0x000003a7   Thumb Code     2  startup_tm4c123.o(.text)
    FPU_Handler                              0x000003a9   Thumb Code     2  startup_tm4c123.o(.text)
    I2C4_Handler                             0x000003ab   Thumb Code     2  startup_tm4c123.o(.text)
    I2C5_Handler                             0x000003ad   Thumb Code     2  startup_tm4c123.o(.text)
    GPIOM_Handler                            0x000003af   Thumb Code     2  startup_tm4c123.o(.text)
    GPION_Handler                            0x000003b1   Thumb Code     2  startup_tm4c123.o(.text)
    QEI2_Handler                             0x000003b3   Thumb Code     2  startup_tm4c123.o(.text)
    GPIOP0_Handler                           0x000003b5   Thumb Code     2  startup_tm4c123.o(.text)
    GPIOP1_Handler                           0x000003b7   Thumb Code     2  startup_tm4c123.o(.text)
    GPIOP2_Handler                           0x000003b9   Thumb Code     2  startup_tm4c123.o(.text)
    GPIOP3_Handler                           0x000003bb   Thumb Code     2  startup_tm4c123.o(.text)
    GPIOP4_Handler                           0x000003bd   Thumb Code     2  startup_tm4c123.o(.text)
    GPIOP5_Handler                           0x000003bf   Thumb Code     2  startup_tm4c123.o(.text)
    GPIOP6_Handler                           0x000003c1   Thumb Code     2  startup_tm4c123.o(.text)
    GPIOP7_Handler                           0x000003c3   Thumb Code     2  startup_tm4c123.o(.text)
    GPIOQ0_Handler                           0x000003c5   Thumb Code     2  startup_tm4c123.o(.text)
    GPIOQ1_Handler                           0x000003c7   Thumb Code     2  startup_tm4c123.o(.text)
    GPIOQ2_Handler                           0x000003c9   Thumb Code     2  startup_tm4c123.o(.text)
    GPIOQ3_Handler                           0x000003cb   Thumb Code     2  startup_tm4c123.o(.text)
    GPIOQ4_Handler                           0x000003cd   Thumb Code     2  startup_tm4c123.o(.text)
    GPIOQ5_Handler                           0x000003cf   Thumb Code     2  startup_tm4c123.o(.text)
    GPIOQ6_Handler                           0x000003d1   Thumb Code     2  startup_tm4c123.o(.text)
    GPIOQ7_Handler                           0x000003d3   Thumb Code     2  startup_tm4c123.o(.text)
    GPIOR_Handler                            0x000003d5   Thumb Code     2  startup_tm4c123.o(.text)
    GPIOS_Handler                            0x000003d7   Thumb Code     2  startup_tm4c123.o(.text)
    PMW1_0_Handler                           0x000003d9   Thumb Code     2  startup_tm4c123.o(.text)
    PWM1_1_Handler                           0x000003db   Thumb Code     2  startup_tm4c123.o(.text)
    PWM1_2_Handler                           0x000003dd   Thumb Code     2  startup_tm4c123.o(.text)
    PWM1_3_Handler                           0x000003df   Thumb Code     2  startup_tm4c123.o(.text)
    PWM1_FAULT_Handler                       0x000003e1   Thumb Code     2  startup_tm4c123.o(.text)
    __user_initial_stackheap                 0x000003e5   Thumb Code     0  startup_tm4c123.o(.text)
    __aeabi_memcpy4                          0x00000405   Thumb Code     0  rt_memcpy_w.o(.text)
    __aeabi_memcpy8                          0x00000405   Thumb Code     0  rt_memcpy_w.o(.text)
    __rt_memcpy_w                            0x00000405   Thumb Code   100  rt_memcpy_w.o(.text)
    _memcpy_lastbytes_aligned                0x0000044d   Thumb Code     0  rt_memcpy_w.o(.text)
    __use_two_region_memory                  0x00000469   Thumb Code     2  heapauxi.o(.text)
    __rt_heap_escrow$2region                 0x0000046b   Thumb Code     2  heapauxi.o(.text)
    __rt_heap_expand$2region                 0x0000046d   Thumb Code     2  heapauxi.o(.text)
    __user_setup_stackheap                   0x0000046f   Thumb Code    74  sys_stackheap_outer.o(.text)
    exit                                     0x000004b9   Thumb Code    18  exit.o(.text)
    __user_libspace                          0x000004cd   Thumb Code     8  libspace.o(.text)
    __user_perproc_libspace                  0x000004cd   Thumb Code     0  libspace.o(.text)
    __user_perthread_libspace                0x000004cd   Thumb Code     0  libspace.o(.text)
    _sys_exit                                0x000004d5   Thumb Code     8  sys_exit.o(.text)
    __I$use$semihosting                      0x000004e1   Thumb Code     0  use_no_semi.o(.text)
    __use_no_semihosting_swi                 0x000004e1   Thumb Code     2  use_no_semi.o(.text)
    __semihosting_library_function           0x000004e3   Thumb Code     0  indicate_semi.o(.text)
    GPIOF_Handler                            0x000004e5   Thumb Code   106  uart_app2.o(i.GPIOF_Handler)
    NVIC_clear_interrupt                     0x00000591   Thumb Code   244  gpio_driver.o(i.NVIC_clear_interrupt)
    NVIC_enable_interrupt                    0x00000689   Thumb Code   158  gpio_driver.o(i.NVIC_enable_interrupt)
    SystemInit                               0x0000072d   Thumb Code   112  system_tm4c123.o(i.SystemInit)
    UART0_Handler                            0x000007c5   Thumb Code   202  uart_app2.o(i.UART0_Handler)
    UART9BitAdrSet                           0x00000899   Thumb Code    34  uart_driver.o(i.UART9BitAdrSet)
    UARTBaudFracDivSet                       0x000008bb   Thumb Code     4  uart_driver.o(i.UARTBaudFracDivSet)
    UARTBaudIntDivSet                        0x000008bf   Thumb Code     4  uart_driver.o(i.UARTBaudIntDivSet)
    UARTDisable                              0x000008c3   Thumb Code    10  uart_driver.o(i.UARTDisable)
    UARTEnable                               0x000008cd   Thumb Code    10  uart_driver.o(i.UARTEnable)
    UARTFlagCheck                            0x000008d7   Thumb Code    18  uart_driver.o(i.UARTFlagCheck)
    UARTInterruptClear                       0x000008e9   Thumb Code     8  uart_driver.o(i.UARTInterruptClear)
    UARTInterruptEnable                      0x000008f1   Thumb Code     8  uart_driver.o(i.UARTInterruptEnable)
    UARTLineControlSet                       0x000008f9   Thumb Code     8  uart_driver.o(i.UARTLineControlSet)
    UARTReadByte                             0x00000901   Thumb Code     8  uart_driver.o(i.UARTReadByte)
    UARTReceive                              0x00000909   Thumb Code    46  uart_app2.o(i.UARTReceive)
    UARTRxIntFIFOLvlSet                      0x00000937   Thumb Code    18  uart_driver.o(i.UARTRxIntFIFOLvlSet)
    UARTTransmit                             0x00000949   Thumb Code    62  uart_app2.o(i.UARTTransmit)
    UARTWordWidthSet                         0x00000991   Thumb Code    10  uart_driver.o(i.UARTWordWidthSet)
    UARTWriteByte                            0x0000099b   Thumb Code     4  uart_driver.o(i.UARTWriteByte)
    delay                                    0x000009a1   Thumb Code    20  uart_app2.o(i.delay)
    gpio_clear_interrupt                     0x000009b9   Thumb Code    30  gpio_driver.o(i.gpio_clear_interrupt)
    gpio_configure_interrupt                 0x000009d7   Thumb Code   100  gpio_driver.o(i.gpio_configure_interrupt)
    gpio_enable_interrupt                    0x00000ad9   Thumb Code    16  gpio_driver.o(i.gpio_enable_interrupt)
    gpio_init                                0x00000ae9   Thumb Code    84  gpio_driver.o(i.gpio_init)
    gpio_read_from_pin                       0x00000b3d   Thumb Code    20  gpio_driver.o(i.gpio_read_from_pin)
    gpio_write_to_pin                        0x00000b95   Thumb Code    36  gpio_driver.o(i.gpio_write_to_pin)
    led_init                                 0x00000bb9   Thumb Code    78  led.o(i.led_init)
    led_toggle                               0x00000c15   Thumb Code    30  led.o(i.led_toggle)
    led_turn_off                             0x00000c39   Thumb Code    18  led.o(i.led_turn_off)
    led_turn_on                              0x00000c51   Thumb Code    18  led.o(i.led_turn_on)
    main                                     0x00000c69   Thumb Code    76  uart_app2.o(i.main)
    sw_init                                  0x00000cbd   Thumb Code    44  led.o(i.sw_init)
    uart_gpio_init                           0x00000ced   Thumb Code    74  uart_app2.o(i.uart_gpio_init)
    uart_init                                0x00000d41   Thumb Code    92  uart_app2.o(i.uart_init)
    _fp_init                                 0x00000da5   Thumb Code    10  fpinit.o(x$fpl$fpinit)
    __fplib_config_fpu_vfp                   0x00000dad   Thumb Code     0  fpinit.o(x$fpl$fpinit)
    __fplib_config_pureend_doubles           0x00000dad   Thumb Code     0  fpinit.o(x$fpl$fpinit)
    Region$$Table$$Base                      0x00000db0   Number         0  anon$$obj.o(Region$$Table)
    Region$$Table$$Limit                     0x00000dc0   Number         0  anon$$obj.o(Region$$Table)
    __libspace_start                         0x20000000   Data          96  libspace.o(.bss)
    __temporary_stack_top$libspace           0x20000060   Data           0  libspace.o(.bss)



==============================================================================

Memory Map of the image

  Image Entry point : 0x000002f1

  Load Region LR_1 (Base: 0x00000000, Size: 0x00000dc0, Max: 0xffffffff, ABSOLUTE)

    Execution Region ER_RO (Exec base: 0x00000000, Load base: 0x00000000, Size: 0x00000dc0, Max: 0xffffffff, ABSOLUTE)

    Exec Addr    Load Addr    Size         Type   Attr      Idx    E Section Name        Object

    0x00000000   0x00000000   0x0000026c   Data   RO          594    RESET               startup_tm4c123.o
    0x0000026c   0x0000026c   0x00000008   Code   RO          649  * !!!main             c_w.l(__main.o)
    0x00000274   0x00000274   0x00000034   Code   RO          806    !!!scatter          c_w.l(__scatter.o)
    0x000002a8   0x000002a8   0x0000001c   Code   RO          808    !!handler_zi        c_w.l(__scatter_zi.o)
    0x000002c4   0x000002c4   0x00000002   Code   RO          676    .ARM.Collect$$libinit$$00000000  c_w.l(libinit.o)
    0x000002c6   0x000002c6   0x00000004   Code   RO          682    .ARM.Collect$$libinit$$00000001  c_w.l(libinit2.o)
    0x000002ca   0x000002ca   0x00000000   Code   RO          685    .ARM.Collect$$libinit$$00000004  c_w.l(libinit2.o)
    0x000002ca   0x000002ca   0x00000000   Code   RO          688    .ARM.Collect$$libinit$$0000000A  c_w.l(libinit2.o)
    0x000002ca   0x000002ca   0x00000000   Code   RO          690    .ARM.Collect$$libinit$$0000000C  c_w.l(libinit2.o)
    0x000002ca   0x000002ca   0x00000000   Code   RO          692    .ARM.Collect$$libinit$$0000000E  c_w.l(libinit2.o)
    0x000002ca   0x000002ca   0x00000000   Code   RO          695    .ARM.Collect$$libinit$$00000011  c_w.l(libinit2.o)
    0x000002ca   0x000002ca   0x00000000   Code   RO          697    .ARM.Collect$$libinit$$00000013  c_w.l(libinit2.o)
    0x000002ca   0x000002ca   0x00000000   Code   RO          699    .ARM.Collect$$libinit$$00000015  c_w.l(libinit2.o)
    0x000002ca   0x000002ca   0x00000000   Code   RO          701    .ARM.Collect$$libinit$$00000017  c_w.l(libinit2.o)
    0x000002ca   0x000002ca   0x00000000   Code   RO          703    .ARM.Collect$$libinit$$00000019  c_w.l(libinit2.o)
    0x000002ca   0x000002ca   0x00000000   Code   RO          705    .ARM.Collect$$libinit$$0000001B  c_w.l(libinit2.o)
    0x000002ca   0x000002ca   0x00000000   Code   RO          707    .ARM.Collect$$libinit$$0000001D  c_w.l(libinit2.o)
    0x000002ca   0x000002ca   0x00000000   Code   RO          709    .ARM.Collect$$libinit$$0000001F  c_w.l(libinit2.o)
    0x000002ca   0x000002ca   0x00000000   Code   RO          711    .ARM.Collect$$libinit$$00000021  c_w.l(libinit2.o)
    0x000002ca   0x000002ca   0x00000000   Code   RO          713    .ARM.Collect$$libinit$$00000023  c_w.l(libinit2.o)
    0x000002ca   0x000002ca   0x00000000   Code   RO          715    .ARM.Collect$$libinit$$00000025  c_w.l(libinit2.o)
    0x000002ca   0x000002ca   0x00000000   Code   RO          719    .ARM.Collect$$libinit$$0000002C  c_w.l(libinit2.o)
    0x000002ca   0x000002ca   0x00000000   Code   RO          721    .ARM.Collect$$libinit$$0000002E  c_w.l(libinit2.o)
    0x000002ca   0x000002ca   0x00000000   Code   RO          723    .ARM.Collect$$libinit$$00000030  c_w.l(libinit2.o)
    0x000002ca   0x000002ca   0x00000000   Code   RO          725    .ARM.Collect$$libinit$$00000032  c_w.l(libinit2.o)
    0x000002ca   0x000002ca   0x00000002   Code   RO          726    .ARM.Collect$$libinit$$00000033  c_w.l(libinit2.o)
    0x000002cc   0x000002cc   0x00000002   Code   RO          746    .ARM.Collect$$libshutdown$$00000000  c_w.l(libshutdown.o)
    0x000002ce   0x000002ce   0x00000000   Code   RO          759    .ARM.Collect$$libshutdown$$00000002  c_w.l(libshutdown2.o)
    0x000002ce   0x000002ce   0x00000000   Code   RO          761    .ARM.Collect$$libshutdown$$00000004  c_w.l(libshutdown2.o)
    0x000002ce   0x000002ce   0x00000000   Code   RO          764    .ARM.Collect$$libshutdown$$00000007  c_w.l(libshutdown2.o)
    0x000002ce   0x000002ce   0x00000000   Code   RO          767    .ARM.Collect$$libshutdown$$0000000A  c_w.l(libshutdown2.o)
    0x000002ce   0x000002ce   0x00000000   Code   RO          769    .ARM.Collect$$libshutdown$$0000000C  c_w.l(libshutdown2.o)
    0x000002ce   0x000002ce   0x00000000   Code   RO          772    .ARM.Collect$$libshutdown$$0000000F  c_w.l(libshutdown2.o)
    0x000002ce   0x000002ce   0x00000002   Code   RO          773    .ARM.Collect$$libshutdown$$00000010  c_w.l(libshutdown2.o)
    0x000002d0   0x000002d0   0x00000000   Code   RO          651    .ARM.Collect$$rtentry$$00000000  c_w.l(__rtentry.o)
    0x000002d0   0x000002d0   0x00000000   Code   RO          653    .ARM.Collect$$rtentry$$00000002  c_w.l(__rtentry2.o)
    0x000002d0   0x000002d0   0x00000006   Code   RO          665    .ARM.Collect$$rtentry$$00000004  c_w.l(__rtentry4.o)
    0x000002d6   0x000002d6   0x00000000   Code   RO          655    .ARM.Collect$$rtentry$$00000009  c_w.l(__rtentry2.o)
    0x000002d6   0x000002d6   0x00000004   Code   RO          656    .ARM.Collect$$rtentry$$0000000A  c_w.l(__rtentry2.o)
    0x000002da   0x000002da   0x00000000   Code   RO          658    .ARM.Collect$$rtentry$$0000000C  c_w.l(__rtentry2.o)
    0x000002da   0x000002da   0x00000008   Code   RO          659    .ARM.Collect$$rtentry$$0000000D  c_w.l(__rtentry2.o)
    0x000002e2   0x000002e2   0x00000002   Code   RO          680    .ARM.Collect$$rtexit$$00000000  c_w.l(rtexit.o)
    0x000002e4   0x000002e4   0x00000000   Code   RO          728    .ARM.Collect$$rtexit$$00000002  c_w.l(rtexit2.o)
    0x000002e4   0x000002e4   0x00000004   Code   RO          729    .ARM.Collect$$rtexit$$00000003  c_w.l(rtexit2.o)
    0x000002e8   0x000002e8   0x00000006   Code   RO          730    .ARM.Collect$$rtexit$$00000004  c_w.l(rtexit2.o)
    0x000002ee   0x000002ee   0x00000002   PAD
    0x000002f0   0x000002f0   0x00000114   Code   RO          595  * .text               startup_tm4c123.o
    0x00000404   0x00000404   0x00000064   Code   RO          645    .text               c_w.l(rt_memcpy_w.o)
    0x00000468   0x00000468   0x00000006   Code   RO          647    .text               c_w.l(heapauxi.o)
    0x0000046e   0x0000046e   0x0000004a   Code   RO          667    .text               c_w.l(sys_stackheap_outer.o)
    0x000004b8   0x000004b8   0x00000012   Code   RO          669    .text               c_w.l(exit.o)
    0x000004ca   0x000004ca   0x00000002   PAD
    0x000004cc   0x000004cc   0x00000008   Code   RO          677    .text               c_w.l(libspace.o)
    0x000004d4   0x000004d4   0x0000000c   Code   RO          738    .text               c_w.l(sys_exit.o)
    0x000004e0   0x000004e0   0x00000002   Code   RO          749    .text               c_w.l(use_no_semi.o)
    0x000004e2   0x000004e2   0x00000000   Code   RO          751    .text               c_w.l(indicate_semi.o)
    0x000004e2   0x000004e2   0x00000002   PAD
    0x000004e4   0x000004e4   0x000000ac   Code   RO          526    i.GPIOF_Handler     uart_app2.o
    0x00000590   0x00000590   0x000000f8   Code   RO          375    i.NVIC_clear_interrupt  gpio_driver.o
    0x00000688   0x00000688   0x000000a4   Code   RO          377    i.NVIC_enable_interrupt  gpio_driver.o
    0x0000072c   0x0000072c   0x00000098   Code   RO          603    i.SystemInit        system_tm4c123.o
    0x000007c4   0x000007c4   0x000000d4   Code   RO          527    i.UART0_Handler     uart_app2.o
    0x00000898   0x00000898   0x00000022   Code   RO            6    i.UART9BitAdrSet    uart_driver.o
    0x000008ba   0x000008ba   0x00000004   Code   RO            8    i.UARTBaudFracDivSet  uart_driver.o
    0x000008be   0x000008be   0x00000004   Code   RO           10    i.UARTBaudIntDivSet  uart_driver.o
    0x000008c2   0x000008c2   0x0000000a   Code   RO           16    i.UARTDisable       uart_driver.o
    0x000008cc   0x000008cc   0x0000000a   Code   RO           17    i.UARTEnable        uart_driver.o
    0x000008d6   0x000008d6   0x00000012   Code   RO           20    i.UARTFlagCheck     uart_driver.o
    0x000008e8   0x000008e8   0x00000008   Code   RO           23    i.UARTInterruptClear  uart_driver.o
    0x000008f0   0x000008f0   0x00000008   Code   RO           25    i.UARTInterruptEnable  uart_driver.o
    0x000008f8   0x000008f8   0x00000008   Code   RO           28    i.UARTLineControlSet  uart_driver.o
    0x00000900   0x00000900   0x00000008   Code   RO           34    i.UARTReadByte      uart_driver.o
    0x00000908   0x00000908   0x0000002e   Code   RO          528    i.UARTReceive       uart_app2.o
    0x00000936   0x00000936   0x00000012   Code   RO           43    i.UARTRxIntFIFOLvlSet  uart_driver.o
    0x00000948   0x00000948   0x00000048   Code   RO          529    i.UARTTransmit      uart_app2.o
    0x00000990   0x00000990   0x0000000a   Code   RO           55    i.UARTWordWidthSet  uart_driver.o
    0x0000099a   0x0000099a   0x00000004   Code   RO           56    i.UARTWriteByte     uart_driver.o
    0x0000099e   0x0000099e   0x00000002   PAD
    0x000009a0   0x000009a0   0x00000018   Code   RO          530    i.delay             uart_app2.o
    0x000009b8   0x000009b8   0x0000001e   Code   RO          378    i.gpio_clear_interrupt  gpio_driver.o
    0x000009d6   0x000009d6   0x00000064   Code   RO          379    i.gpio_configure_interrupt  gpio_driver.o
    0x00000a3a   0x00000a3a   0x00000026   Code   RO          380    i.gpio_configure_pin_iotype  gpio_driver.o
    0x00000a60   0x00000a60   0x0000001c   Code   RO          381    i.gpio_configure_pin_mode  gpio_driver.o
    0x00000a7c   0x00000a7c   0x0000003e   Code   RO          382    i.gpio_configure_pin_pupd  gpio_driver.o
    0x00000aba   0x00000aba   0x00000002   PAD
    0x00000abc   0x00000abc   0x0000001c   Code   RO          383    i.gpio_configure_pin_unlock  gpio_driver.o
    0x00000ad8   0x00000ad8   0x00000010   Code   RO          384    i.gpio_enable_interrupt  gpio_driver.o
    0x00000ae8   0x00000ae8   0x00000054   Code   RO          385    i.gpio_init         gpio_driver.o
    0x00000b3c   0x00000b3c   0x00000014   Code   RO          386    i.gpio_read_from_pin  gpio_driver.o
    0x00000b50   0x00000b50   0x00000044   Code   RO          387    i.gpio_set_alt_function  gpio_driver.o
    0x00000b94   0x00000b94   0x00000024   Code   RO          388    i.gpio_write_to_pin  gpio_driver.o
    0x00000bb8   0x00000bb8   0x0000005c   Code   RO          475    i.led_init          led.o
    0x00000c14   0x00000c14   0x00000024   Code   RO          476    i.led_toggle        led.o
    0x00000c38   0x00000c38   0x00000018   Code   RO          477    i.led_turn_off      led.o
    0x00000c50   0x00000c50   0x00000018   Code   RO          478    i.led_turn_on       led.o
    0x00000c68   0x00000c68   0x00000054   Code   RO          531    i.main              uart_app2.o
    0x00000cbc   0x00000cbc   0x00000030   Code   RO          479    i.sw_init           led.o
    0x00000cec   0x00000cec   0x00000054   Code   RO          532    i.uart_gpio_init    uart_app2.o
    0x00000d40   0x00000d40   0x00000064   Code   RO          533    i.uart_init         uart_app2.o
    0x00000da4   0x00000da4   0x0000000a   Code   RO          736    x$fpl$fpinit        fz_wm.l(fpinit.o)
    0x00000dae   0x00000dae   0x00000002   PAD
    0x00000db0   0x00000db0   0x00000010   Data   RO          804    Region$$Table       anon$$obj.o


    Execution Region ER_RW (Exec base: 0x20000000, Load base: 0x00000dc0, Size: 0x00000000, Max: 0xffffffff, ABSOLUTE)

    **** No section assigned to this execution region ****


    Execution Region ER_ZI (Exec base: 0x20000000, Load base: 0x00000dc0, Size: 0x00000260, Max: 0xffffffff, ABSOLUTE)

    Exec Addr    Load Addr    Size         Type   Attr      Idx    E Section Name        Object

    0x20000000        -       0x00000060   Zero   RW          678    .bss                c_w.l(libspace.o)
    0x20000060        -       0x00000000   Zero   RW          593    HEAP                startup_tm4c123.o
    0x20000060        -       0x00000200   Zero   RW          592    STACK               startup_tm4c123.o


==============================================================================

Image component sizes


      Code (inc. data)   RO Data    RW Data    ZI Data      Debug   Object Name

       922         16          0          0          0      11206   gpio_driver.o
       224         36          0          0          0       3079   led.o
       276         24        620          0        512       5448   startup_tm4c123.o
       152         40          0          0          0        597   system_tm4c123.o
       794        116          0          0          0       5217   uart_app2.o
       144          0          0          0          0      33897   uart_driver.o

    ----------------------------------------------------------------------
      2516        232        636          0        512      59444   Object Totals
         0          0         16          0          0          0   (incl. Generated)
         4          0          0          0          0          0   (incl. Padding)

    ----------------------------------------------------------------------

      Code (inc. data)   RO Data    RW Data    ZI Data      Debug   Library Member Name

         8          0          0          0          0         68   __main.o
         0          0          0          0          0          0   __rtentry.o
        12          0          0          0          0          0   __rtentry2.o
         6          0          0          0          0          0   __rtentry4.o
        52          8          0          0          0          0   __scatter.o
        28          0          0          0          0          0   __scatter_zi.o
        18          0          0          0          0         80   exit.o
         6          0          0          0          0        152   heapauxi.o
         0          0          0          0          0          0   indicate_semi.o
         2          0          0          0          0          0   libinit.o
         6          0          0          0          0          0   libinit2.o
         2          0          0          0          0          0   libshutdown.o
         2          0          0          0          0          0   libshutdown2.o
         8          4          0          0         96         68   libspace.o
       100          0          0          0          0         80   rt_memcpy_w.o
         2          0          0          0          0          0   rtexit.o
        10          0          0          0          0          0   rtexit2.o
        12          4          0          0          0         68   sys_exit.o
        74          0          0          0          0         80   sys_stackheap_outer.o
         2          0          0          0          0         68   use_no_semi.o
        10          0          0          0          0        116   fpinit.o

    ----------------------------------------------------------------------
       368         16          0          0         96        780   Library Totals
         8          0          0          0          0          0   (incl. Padding)

    ----------------------------------------------------------------------

      Code (inc. data)   RO Data    RW Data    ZI Data      Debug   Library Name

       350         16          0          0         96        664   c_w.l
        10          0          0          0          0        116   fz_wm.l

    ----------------------------------------------------------------------
       368         16          0          0         96        780   Library Totals

    ----------------------------------------------------------------------

==============================================================================


      Code (inc. data)   RO Data    RW Data    ZI Data      Debug   

      2884        248        636          0        608      56348   Grand Totals
      2884        248        636          0        608      56348   ELF Image Totals
      2884        248        636          0          0          0   ROM Totals

==============================================================================

    Total RO  Size (Code + RO Data)                 3520 (   3.44kB)
    Total RW  Size (RW Data + ZI Data)               608 (   0.59kB)
    Total ROM Size (Code + RO Data + RW Data)       3520 (   3.44kB)

==============================================================================

