Component: ARM Compiler 5.06 update 6 (build 750) Tool: armlink [4d35ed]

==============================================================================

Section Cross References

    gpio_driver.o(i.gpio_init) refers to gpio_driver.o(i.gpio_configure_pin_unlock) for gpio_configure_pin_unlock
    gpio_driver.o(i.gpio_init) refers to gpio_driver.o(i.gpio_set_alt_function) for gpio_set_alt_function
    gpio_driver.o(i.gpio_init) refers to gpio_driver.o(i.gpio_configure_pin_mode) for gpio_configure_pin_mode
    gpio_driver.o(i.gpio_init) refers to gpio_driver.o(i.gpio_configure_pin_iotype) for gpio_configure_pin_iotype
    gpio_driver.o(i.gpio_init) refers to gpio_driver.o(i.gpio_configure_pin_pupd) for gpio_configure_pin_pupd
    led.o(i.led_init) refers to gpio_driver.o(i.gpio_init) for gpio_init
    led.o(i.led_toggle) refers to gpio_driver.o(i.gpio_read_from_pin) for gpio_read_from_pin
    led.o(i.led_toggle) refers to gpio_driver.o(i.gpio_write_to_pin) for gpio_write_to_pin
    led.o(i.led_turn_off) refers to gpio_driver.o(i.gpio_write_to_pin) for gpio_write_to_pin
    led.o(i.led_turn_on) refers to gpio_driver.o(i.gpio_write_to_pin) for gpio_write_to_pin
    led.o(i.sw_init) refers to gpio_driver.o(i.gpio_init) for gpio_init
    uart_app3.o(i.main) refers to uart_debug.o(i.DebugUartStart) for DebugUartStart
    uart_app3.o(i.main) refers to uart_debug.o(i.DebugUartPrintf) for DebugUartPrintf
    uart_app3.o(i.main) refers to uart_app3.o(i.delay) for delay
    startup_tm4c123.o(STACK) refers (Special) to heapauxi.o(.text) for __use_two_region_memory
    startup_tm4c123.o(HEAP) refers (Special) to heapauxi.o(.text) for __use_two_region_memory
    startup_tm4c123.o(RESET) refers (Special) to heapauxi.o(.text) for __use_two_region_memory
    startup_tm4c123.o(RESET) refers to startup_tm4c123.o(STACK) for __initial_sp
    startup_tm4c123.o(RESET) refers to startup_tm4c123.o(.text) for Reset_Handler
    startup_tm4c123.o(.text) refers (Special) to heapauxi.o(.text) for __use_two_region_memory
    startup_tm4c123.o(.text) refers to system_tm4c123.o(i.SystemInit) for SystemInit
    startup_tm4c123.o(.text) refers to __main.o(!!!main) for __main
    startup_tm4c123.o(.text) refers to startup_tm4c123.o(HEAP) for Heap_Mem
    startup_tm4c123.o(.text) refers to startup_tm4c123.o(STACK) for Stack_Mem
    system_tm4c123.o(i.SystemCoreClockUpdate) refers to system_tm4c123.o(i.getOscClk) for getOscClk
    system_tm4c123.o(i.SystemCoreClockUpdate) refers to system_tm4c123.o(.data) for SystemCoreClock
    uart_debug.o(i.BaudRateDevisor) refers to dflt_clz.o(x$fpl$dfltu) for __aeabi_ui2d
    uart_debug.o(i.BaudRateDevisor) refers to dfixu.o(x$fpl$dfixu) for __aeabi_d2uiz
    uart_debug.o(i.BaudRateDevisor) refers to dfix.o(x$fpl$dfix) for __aeabi_d2iz
    uart_debug.o(i.BaudRateDevisor) refers to dflt_clz.o(x$fpl$dflt) for __aeabi_i2d
    uart_debug.o(i.BaudRateDevisor) refers to daddsub_clz.o(x$fpl$drsb) for __aeabi_drsub
    uart_debug.o(i.BaudRateDevisor) refers to dmul.o(x$fpl$dmul) for __aeabi_dmul
    uart_debug.o(i.BaudRateDevisor) refers to daddsub_clz.o(x$fpl$dadd) for __aeabi_dadd
    uart_debug.o(i.DebugUartPrintf) refers to vsprintf.o(.text) for vsprintf
    uart_debug.o(i.DebugUartPrintf) refers to uart_debug.o(i.UARTTransmit) for UARTTransmit
    uart_debug.o(i.DebugUartStart) refers to gpio_driver.o(i.gpio_init) for gpio_init
    uart_debug.o(i.DebugUartStart) refers to uart_driver.o(i.UARTDisable) for UARTDisable
    uart_debug.o(i.DebugUartStart) refers to uart_debug.o(i.BaudRateDevisor) for BaudRateDevisor
    uart_debug.o(i.DebugUartStart) refers to uart_driver.o(i.UARTBaudIntDivSet) for UARTBaudIntDivSet
    uart_debug.o(i.DebugUartStart) refers to uart_driver.o(i.UARTBaudFracDivSet) for UARTBaudFracDivSet
    uart_debug.o(i.DebugUartStart) refers to uart_driver.o(i.UARTWordWidthSet) for UARTWordWidthSet
    uart_debug.o(i.DebugUartStart) refers to uart_driver.o(i.UARTLineControlSet) for UARTLineControlSet
    uart_debug.o(i.DebugUartStart) refers to uart_driver.o(i.UARTEnable) for UARTEnable
    uart_debug.o(i.UARTTransmit) refers to uart_driver.o(i.UARTFlagCheck) for UARTFlagCheck
    uart_debug.o(i.UARTTransmit) refers to uart_driver.o(i.UARTWriteByte) for UARTWriteByte
    vsprintf.o(.text) refers (Special) to _printf_a.o(.ARM.Collect$$_printf_percent$$00000006) for _printf_a
    vsprintf.o(.text) refers (Special) to _printf_c.o(.ARM.Collect$$_printf_percent$$00000013) for _printf_c
    vsprintf.o(.text) refers (Special) to _printf_charcount.o(.text) for _printf_charcount
    vsprintf.o(.text) refers (Special) to _printf_d.o(.ARM.Collect$$_printf_percent$$00000009) for _printf_d
    vsprintf.o(.text) refers (Special) to _printf_e.o(.ARM.Collect$$_printf_percent$$00000004) for _printf_e
    vsprintf.o(.text) refers (Special) to _printf_f.o(.ARM.Collect$$_printf_percent$$00000003) for _printf_f
    vsprintf.o(.text) refers (Special) to printf1.o(x$fpl$printf1) for _printf_fp_dec
[...]
    ../clib/printf.c                         0x00000000   Number         0  _printf_char.o ABSOLUTE
    ../clib/printf.c                         0x00000000   Number         0  _printf_str.o ABSOLUTE
    ../clib/printf.c                         0x00000000   Number         0  _printf_wchar.o ABSOLUTE
    ../clib/printf.c                         0x00000000   Number         0  _printf_dec.o ABSOLUTE
    ../clib/printf.c                         0x00000000   Number         0  __printf_ss_wp.o ABSOLUTE
    ../clib/printf_percent.s                 0x00000000   Number         0  _printf_g.o ABSOLUTE
    ../clib/printf_percent.s                 0x00000000   Number         0  _printf_a.o ABSOLUTE
    ../clib/printf_percent.s                 0x00000000   Number         0  _printf_percent.o ABSOLUTE
    ../clib/printf_percent.s                 0x00000000   Number         0  _printf_lli.o ABSOLUTE
    ../clib/printf_percent.s                 0x00000000   Number         0  _printf_llu.o ABSOLUTE
    ../clib/printf_percent.s                 0x00000000   Number         0  _printf_ll.o ABSOLUTE
    ../clib/printf_percent.s                 0x00000000   Number         0  _printf_l.o ABSOLUTE
    ../clib/printf_percent.s                 0x00000000   Number         0  _printf_lc.o ABSOLUTE
    ../clib/printf_percent.s                 0x00000000   Number         0  _printf_ls.o ABSOLUTE
    ../clib/printf_percent.s                 0x00000000   Number         0  _printf_llo.o ABSOLUTE
    ../clib/printf_percent.s                 0x00000000   Number         0  _printf_c.o ABSOLUTE
    ../clib/printf_percent.s                 0x00000000   Number         0  _printf_llx.o ABSOLUTE
    ../clib/printf_percent.s                 0x00000000   Number         0  _printf_s.o ABSOLUTE
    ../clib/printf_percent.s                 0x00000000   Number         0  _printf_n.o ABSOLUTE
    ../clib/printf_percent.s                 0x00000000   Number         0  _printf_lld.o ABSOLUTE
    ../clib/printf_percent.s                 0x00000000   Number         0  _printf_x.o ABSOLUTE
    ../clib/printf_percent.s                 0x00000000   Number         0  _printf_percent_end.o ABSOLUTE
    ../clib/printf_percent.s                 0x00000000   Number         0  _printf_p.o ABSOLUTE
    ../clib/printf_percent.s                 0x00000000   Number         0  _printf_u.o ABSOLUTE
    ../clib/printf_percent.s                 0x00000000   Number         0  _printf_o.o ABSOLUTE
    ../clib/printf_percent.s                 0x00000000   Number         0  _printf_f.o ABSOLUTE
    ../clib/printf_percent.s                 0x00000000   Number         0  _printf_i.o ABSOLUTE
    ../clib/printf_percent.s                 0x00000000   Number         0  _printf_e.o ABSOLUTE
    ../clib/printf_percent.s                 0x00000000   Number         0  _printf_d.o ABSOLUTE
    ../clib/signal.c                         0x00000000   Number         0  defsig_segv_inner.o ABSOLUTE
    ../clib/signal.c                         0x00000000   Number         0  defsig_cppl_inner.o ABSOLUTE
    ../clib/signal.c                         0x00000000   Number         0  defsig_pvfn_inner.o ABSOLUTE
    ../clib/signal.c                         0x00000000   Number         0  defsig_stak_inner.o ABSOLUTE
    ../clib/signal.c                         0x00000000   Number         0  defsig_rtred_inner.o ABSOLUTE
    ../clib/signal.c                         0x00000000   Number         0  defsig_fpe_inner.o ABSOLUTE
    ../clib/signal.c                         0x00000000   Number         0  defsig_rtmem_formal.o ABSOLUTE
    ../clib/signal.c                         0x00000000   Number         0  defsig_abrt_inner.o ABSOLUTE
    ../clib/signal.c                         0x00000000   Number         0  defsig_rtmem_outer.o ABSOLUTE
    ../clib/signal.c                         0x00000000   Number         0  defsig_exit.o ABSOLUTE
    ../clib/signal.c                         0x00000000   Number         0  defsig_rtmem_inner.o ABSOLUTE
    ../clib/signal.c                         0x00000000   Number         0  __raise.o ABSOLUTE
    ../clib/signal.c                         0x00000000   Number         0  defsig_general.o ABSOLUTE
    ../clib/signal.c                         0x00000000   Number         0  defsig_other.o ABSOLUTE
    ../clib/signal.s                         0x00000000   Number         0  defsig.o ABSOLUTE
    ../clib/stdlib.c                         0x00000000   Number         0  exit.o ABSOLUTE
    ../fplib/daddsub.s                       0x00000000   Number         0  daddsub_clz.o ABSOLUTE
    ../fplib/dfix.s                          0x00000000   Number         0  dfix.o ABSOLUTE
    ../fplib/dfixu.s                         0x00000000   Number         0  dfixu.o ABSOLUTE
    ../fplib/dflt.s                          0x00000000   Number         0  dflt_clz.o ABSOLUTE
    ../fplib/dmul.s                          0x00000000   Number         0  dmul.o ABSOLUTE
    ../fplib/dnaninf.s                       0x00000000   Number         0  dnaninf.o ABSOLUTE
    ../fplib/dretinf.s                       0x00000000   Number         0  dretinf.o ABSOLUTE
    ../fplib/fpinit.s                        0x00000000   Number         0  fpinit.o ABSOLUTE
    ../fplib/istatus.s                       0x00000000   Number         0  istatus.o ABSOLUTE
    ../fplib/printf1.s                       0x00000000   Number         0  printf1.o ABSOLUTE
    ../fplib/printf2.s                       0x00000000   Number         0  printf2.o ABSOLUTE
    ../fplib/printf2a.s                      0x00000000   Number         0  printf2a.o ABSOLUTE
    ../fplib/printf2b.s                      0x00000000   Number         0  printf2b.o ABSOLUTE
    ../fplib/usenofp.s                       0x00000000   Number         0  usenofp.o ABSOLUTE
    ../mathlib/fpclassify.c                  0x00000000   Number         0  fpclassify.o ABSOLUTE
    RTE\Device\TM4C123GH6PM\startup_TM4C123.s 0x00000000   Number         0  startup_tm4c123.o ABSOLUTE
    RTE\Device\TM4C123GH6PM\system_TM4C123.c 0x00000000   Number         0  system_tm4c123.o ABSOLUTE
    RTE\\Device\\TM4C123GH6PM\\system_TM4C123.c 0x00000000   Number         0  system_tm4c123.o ABSOLUTE
    dc.s                                     0x00000000   Number         0  dc.o ABSOLUTE
    gpio_driver.c                            0x00000000   Number         0  gpio_driver.o ABSOLUTE
    gpio_driver.c                            0x00000000   Number         0  gpio_driver.o ABSOLUTE
    led.c                                    0x00000000   Number         0  led.o ABSOLUTE
    led.c                                    0x00000000   Number         0  led.o ABSOLUTE
    uart_app3.c                              0x00000000   Number         0  uart_app3.o ABSOLUTE
    uart_app3.c                              0x00000000   Number         0  uart_app3.o ABSOLUTE
    uart_debug.c                             0x00000000   Number         0  uart_debug.o ABSOLUTE
    uart_debug.c                             0x00000000   Number         0  uart_debug.o ABSOLUTE
    uart_driver.c                            0x00000000   Number         0  uart_driver.o ABSOLUTE
    uart_driver.c                            0x00000000   Number         0  uart_driver.o ABSOLUTE
    !!!main                                  0x0000026c   Section        8  __main.o(!!!main)
    !!!scatter                               0x00000274   Section       52  __scatter.o(!!!scatter)
    !!handler_zi                             0x000002a8   Section       28  __scatter_zi.o(!!handler_zi)
    .ARM.Collect$$_printf_percent$$00000000  0x000002c4   Section        0  _printf_percent.o(.ARM.Collect$$_printf_percent$$00000000)
    .ARM.Collect$$_printf_percent$$00000001  0x000002c4   Section        6  _printf_n.o(.ARM.Collect$$_printf_percent$$00000001)
    .ARM.Collect$$_printf_percent$$00000002  0x000002ca   Section        6  _printf_p.o(.ARM.Collect$$_printf_percent$$00000002)
    .ARM.Collect$$_printf_percent$$00000003  0x000002d0   Section        6  _printf_f.o(.ARM.Collect$$_printf_percent$$00000003)
    .ARM.Collect$$_printf_percent$$00000004  0x000002d6   Section        6  _printf_e.o(.ARM.Collect$$_printf_percent$$00000004)
    .ARM.Collect$$_printf_percent$$00000005  0x000002dc   Section        6  _printf_g.o(.ARM.Collect$$_printf_percent$$00000005)
    .ARM.Collect$$_printf_percent$$00000006  0x000002e2   Section        6  _printf_a.o(.ARM.Collect$$_printf_percent$$00000006)
    .ARM.Collect$$_printf_percent$$00000007  0x000002e8   Section       10  _printf_ll.o(.ARM.Collect$$_printf_percent$$00000007)
    .ARM.Collect$$_printf_percent$$00000008  0x000002f2   Section        6  _printf_i.o(.ARM.Collect$$_printf_percent$$00000008)
    .ARM.Collect$$_printf_percent$$00000009  0x000002f8   Section        6  _printf_d.o(.ARM.Collect$$_printf_percent$$00000009)
    .ARM.Collect$$_printf_percent$$0000000A  0x000002fe   Section        6  _printf_u.o(.ARM.Collect$$_printf_percent$$0000000A)
    .ARM.Collect$$_printf_percent$$0000000B  0x00000304   Section        6  _printf_o.o(.ARM.Collect$$_printf_percent$$0000000B)
    .ARM.Collect$$_printf_percent$$0000000C  0x0000030a   Section        6  _printf_x.o(.ARM.Collect$$_printf_percent$$0000000C)
    .ARM.Collect$$_printf_percent$$0000000D  0x00000310   Section        6  _printf_lli.o(.ARM.Collect$$_printf_percent$$0000000D)
    .ARM.Collect$$_printf_percent$$0000000E  0x00000316   Section        6  _printf_lld.o(.ARM.Collect$$_printf_percent$$0000000E)
    .ARM.Collect$$_printf_percent$$0000000F  0x0000031c   Section        6  _printf_llu.o(.ARM.Collect$$_printf_percent$$0000000F)
    .ARM.Collect$$_printf_percent$$00000010  0x00000322   Section        6  _printf_llo.o(.ARM.Collect$$_printf_percent$$00000010)
    .ARM.Collect$$_printf_percent$$00000011  0x00000328   Section        6  _printf_llx.o(.ARM.Collect$$_printf_percent$$00000011)
    .ARM.Collect$$_printf_percent$$00000012  0x0000032e   Section       10  _printf_l.o(.ARM.Collect$$_printf_percent$$00000012)
    .ARM.Collect$$_printf_percent$$00000013  0x00000338   Section        6  _printf_c.o(.ARM.Collect$$_printf_percent$$00000013)
    .ARM.Collect$$_printf_percent$$00000014  0x0000033e   Section        6  _printf_s.o(.ARM.Collect$$_printf_percent$$00000014)
    .ARM.Collect$$_printf_percent$$00000015  0x00000344   Section        6  _printf_lc.o(.ARM.Collect$$_printf_percent$$00000015)
    .ARM.Collect$$_printf_percent$$00000016  0x0000034a   Section        6  _printf_ls.o(.ARM.Collect$$_printf_percent$$00000016)
    .ARM.Collect$$_printf_percent$$00000017  0x00000350   Section        4  _printf_percent_end.o(.ARM.Collect$$_printf_percent$$00000017)
    .ARM.Collect$$libinit$$00000000          0x00000354   Section        2  libinit.o(.ARM.Collect$$libinit$$00000000)
    .ARM.Collect$$libinit$$00000001          0x00000356   Section        4  libinit2.o(.ARM.Collect$$libinit$$00000001)
    .ARM.Collect$$libinit$$00000004          0x0000035a   Section        0  libinit2.o(.ARM.Collect$$libinit$$00000004)
    .ARM.Collect$$libinit$$0000000A          0x0000035a   Section        0  libinit2.o(.ARM.Collect$$libinit$$0000000A)
    .ARM.Collect$$libinit$$0000000C          0x0000035a   Section        0  libinit2.o(.ARM.Collect$$libinit$$0000000C)
    .ARM.Collect$$libinit$$0000000E          0x0000035a   Section        0  libinit2.o(.ARM.Collect$$libinit$$0000000E)
    .ARM.Collect$$libinit$$0000000F          0x0000035a   Section        6  libinit2.o(.ARM.Collect$$libinit$$0000000F)
    .ARM.Collect$$libinit$$00000011          0x00000360   Section        0  libinit2.o(.ARM.Collect$$libinit$$00000011)
    .ARM.Collect$$libinit$$00000012          0x00000360   Section       12  libinit2.o(.ARM.Collect$$libinit$$00000012)
    .ARM.Collect$$libinit$$00000013          0x0000036c   Section        0  libinit2.o(.ARM.Collect$$libinit$$00000013)
    .ARM.Collect$$libinit$$00000015          0x0000036c   Section        0  libinit2.o(.ARM.Collect$$libinit$$00000015)
    .ARM.Collect$$libinit$$00000016          0x0000036c   Section       10  libinit2.o(.ARM.Collect$$libinit$$00000016)
    .ARM.Collect$$libinit$$00000017          0x00000376   Section        0  libinit2.o(.ARM.Collect$$libinit$$00000017)
    .ARM.Collect$$libinit$$00000019          0x00000376   Section        0  libinit2.o(.ARM.Collect$$libinit$$00000019)
    .ARM.Collect$$libinit$$0000001B          0x00000376   Section        0  libinit2.o(.ARM.Collect$$libinit$$0000001B)
    .ARM.Collect$$libinit$$0000001D          0x00000376   Section        0  libinit2.o(.ARM.Collect$$libinit$$0000001D)
    .ARM.Collect$$libinit$$0000001F          0x00000376   Section        0  libinit2.o(.ARM.Collect$$libinit$$0000001F)
    .ARM.Collect$$libinit$$00000021          0x00000376   Section        0  libinit2.o(.ARM.Collect$$libinit$$00000021)
    .ARM.Collect$$libinit$$00000023          0x00000376   Section        0  libinit2.o(.ARM.Collect$$libinit$$00000023)
    .ARM.Collect$$libinit$$00000025          0x00000376   Section        0  libinit2.o(.ARM.Collect$$libinit$$00000025)
    .ARM.Collect$$libinit$$0000002C          0x00000376   Section        0  libinit2.o(.ARM.Collect$$libinit$$0000002C)
    .ARM.Collect$$libinit$$0000002E          0x00000376   Section        0  libinit2.o(.ARM.Collect$$libinit$$0000002E)
    .ARM.Collect$$libinit$$00000030          0x00000376   Section        0  libinit2.o(.ARM.Collect$$libinit$$00000030)
    .ARM.Collect$$libinit$$00000032          0x00000376   Section        0  libinit2.o(.ARM.Collect$$libinit$$00000032)
    .ARM.Collect$$libinit$$00000033          0x00000376   Section        2  libinit2.o(.ARM.Collect$$libinit$$00000033)
    .ARM.Collect$$libshutdown$$00000000      0x00000378   Section        2  libshutdown.o(.ARM.Collect$$libshutdown$$00000000)
    .ARM.Collect$$libshutdown$$00000002      0x0000037a   Section        0  libshutdown2.o(.ARM.Collect$$libshutdown$$00000002)
    .ARM.Collect$$libshutdown$$00000004      0x0000037a   Section        0  libshutdown2.o(.ARM.Collect$$libshutdown$$00000004)
    .ARM.Collect$$libshutdown$$00000007      0x0000037a   Section        0  libshutdown2.o(.ARM.Collect$$libshutdown$$00000007)
    .ARM.Collect$$libshutdown$$0000000A      0x0000037a   Section        0  libshutdown2.o(.ARM.Collect$$libshutdown$$0000000A)
    .ARM.Collect$$libshutdown$$0000000C      0x0000037a   Section        0  libshutdown2.o(.ARM.Collect$$libshutdown$$0000000C)
    .ARM.Collect$$libshutdown$$0000000F      0x0000037a   Section        0  libshutdown2.o(.ARM.Collect$$libshutdown$$0000000F)
    .ARM.Collect$$libshutdown$$00000010      0x0000037a   Section        2  libshutdown2.o(.ARM.Collect$$libshutdown$$00000010)
    .ARM.Collect$$rtentry$$00000000          0x0000037c   Section        0  __rtentry.o(.ARM.Collect$$rtentry$$00000000)
    .ARM.Collect$$rtentry$$00000002          0x0000037c   Section        0  __rtentry2.o(.ARM.Collect$$rtentry$$00000002)
    .ARM.Collect$$rtentry$$00000004          0x0000037c   Section        6  __rtentry4.o(.ARM.Collect$$rtentry$$00000004)
    .ARM.Collect$$rtentry$$00000009          0x00000382   Section        0  __rtentry2.o(.ARM.Collect$$rtentry$$00000009)
    .ARM.Collect$$rtentry$$0000000A          0x00000382   Section        4  __rtentry2.o(.ARM.Collect$$rtentry$$0000000A)
    .ARM.Collect$$rtentry$$0000000C          0x00000386   Section        0  __rtentry2.o(.ARM.Collect$$rtentry$$0000000C)
    .ARM.Collect$$rtentry$$0000000D          0x00000386   Section        8  __rtentry2.o(.ARM.Collect$$rtentry$$0000000D)
    .ARM.Collect$$rtexit$$00000000           0x0000038e   Section        2  rtexit.o(.ARM.Collect$$rtexit$$00000000)
    .ARM.Collect$$rtexit$$00000002           0x00000390   Section        0  rtexit2.o(.ARM.Collect$$rtexit$$00000002)
    .ARM.Collect$$rtexit$$00000003           0x00000390   Section        4  rtexit2.o(.ARM.Collect$$rtexit$$00000003)
    .ARM.Collect$$rtexit$$00000004           0x00000394   Section        6  rtexit2.o(.ARM.Collect$$rtexit$$00000004)
    .text                                    0x0000039c   Section      276  startup_tm4c123.o(.text)
    $v0                                      0x0000039c   Number         0  startup_tm4c123.o(.text)
    .text                                    0x000004b0   Section        0  vsprintf.o(.text)
    .text                                    0x000004d4   Section        0  heapauxi.o(.text)
    .text                                    0x000004da   Section        0  _printf_pad.o(.text)
    .text                                    0x00000528   Section        0  _printf_truncate.o(.text)
    .text                                    0x0000054c   Section        0  _printf_str.o(.text)
    .text                                    0x000005a0   Section        0  _printf_dec.o(.text)
    .text                                    0x00000618   Section        0  _printf_charcount.o(.text)
    .text                                    0x00000640   Section        0  _printf_char_common.o(.text)
    _printf_input_char                       0x00000641   Thumb Code    10  _printf_char_common.o(.text)
    .text                                    0x00000670   Section        0  _sputc.o(.text)
    .text                                    0x0000067c   Section        0  _printf_wctomb.o(.text)
    .text                                    0x00000738   Section        0  _printf_longlong_dec.o(.text)
    .text                                    0x000007b4   Section        0  _printf_oct_int_ll.o(.text)
    _printf_longlong_oct_internal            0x000007b5   Thumb Code     0  _printf_oct_int_ll.o(.text)
    .text                                    0x00000824   Section        0  _printf_hex_int_ll_ptr.o(.text)
    _printf_hex_common                       0x00000825   Thumb Code     0  _printf_hex_int_ll_ptr.o(.text)
    .text                                    0x000008b8   Section        0  __printf_flags_ss_wp.o(.text)
    .text                                    0x00000a40   Section      138  lludiv10.o(.text)
    .text                                    0x00000aca   Section        0  _printf_intcommon.o(.text)
    .text                                    0x00000b7c   Section        0  _printf_fp_dec.o(.text)
    _fp_digits                               0x00000b7f   Thumb Code   432  _printf_fp_dec.o(.text)
    .text                                    0x00000f9c   Section        0  _printf_fp_hex.o(.text)
    .text                                    0x00001298   Section        0  _printf_char.o(.text)
    .text                                    0x000012c4   Section        0  _printf_wchar.o(.text)
    .text                                    0x000012f0   Section        0  _wcrtomb.o(.text)
    .text                                    0x00001330   Section       74  sys_stackheap_outer.o(.text)
    .text                                    0x0000137c   Section       16  rt_ctype_table.o(.text)
    .text                                    0x0000138c   Section        8  rt_locale_intlibspace.o(.text)
    .text                                    0x00001394   Section        0  _printf_fp_infnan.o(.text)
    .text                                    0x00001414   Section        0  bigflt0.o(.text)
    .text                                    0x000014f8   Section        0  exit.o(.text)
    .text                                    0x0000150c   Section        8  libspace.o(.text)
    .text                                    0x00001514   Section      128  strcmpv7m.o(.text)
    .text                                    0x00001594   Section        0  sys_exit.o(.text)
    .text                                    0x000015a0   Section        2  use_no_semi.o(.text)
    .text                                    0x000015a2   Section        0  indicate_semi.o(.text)
    CL$$btod_d2e                             0x000015a2   Section       62  btod.o(CL$$btod_d2e)
    CL$$btod_d2e_denorm_low                  0x000015e0   Section       70  btod.o(CL$$btod_d2e_denorm_low)
    CL$$btod_d2e_norm_op1                    0x00001626   Section       96  btod.o(CL$$btod_d2e_norm_op1)
    CL$$btod_div_common                      0x00001686   Section      824  btod.o(CL$$btod_div_common)
    CL$$btod_e2e                             0x000019be   Section      220  btod.o(CL$$btod_e2e)
    CL$$btod_ediv                            0x00001a9a   Section       42  btod.o(CL$$btod_ediv)
    CL$$btod_emul                            0x00001ac4   Section       42  btod.o(CL$$btod_emul)
    CL$$btod_mult_common                     0x00001aee   Section      580  btod.o(CL$$btod_mult_common)
    i.BaudRateDevisor                        0x00001d34   Section        0  uart_debug.o(i.BaudRateDevisor)
    i.DebugUartPrintf                        0x00001dc4   Section        0  uart_debug.o(i.DebugUartPrintf)
    i.DebugUartStart                         0x00001df4   Section        0  uart_debug.o(i.DebugUartStart)
    i.SystemInit                             0x00001ea0   Section        0  system_tm4c123.o(i.SystemInit)
    i.UARTBaudFracDivSet                     0x00001f38   Section        0  uart_driver.o(i.UARTBaudFracDivSet)
    i.UARTBaudIntDivSet                      0x00001f3c   Section        0  uart_driver.o(i.UARTBaudIntDivSet)
    i.UARTDisable                            0x00001f40   Section        0  uart_driver.o(i.UARTDisable)
    i.UARTEnable                             0x00001f4a   Section        0  uart_driver.o(i.UARTEnable)
    i.UARTFlagCheck                          0x00001f54   Section        0  uart_driver.o(i.UARTFlagCheck)
    i.UARTLineControlSet                     0x00001f66   Section        0  uart_driver.o(i.UARTLineControlSet)
    i.UARTTransmit                           0x00001f6e   Section        0  uart_debug.o(i.UARTTransmit)
    i.UARTWordWidthSet                       0x00001fae   Section        0  uart_driver.o(i.UARTWordWidthSet)
    i.UARTWriteByte                          0x00001fb8   Section        0  uart_driver.o(i.UARTWriteByte)
    i.__ARM_fpclassify                       0x00001fbc   Section        0  fpclassify.o(i.__ARM_fpclassify)
    i._is_digit                              0x00001fec   Section        0  __printf_wp.o(i._is_digit)
    i.delay                                  0x00001ffc   Section        0  uart_app3.o(i.delay)
    i.gpio_configure_pin_iotype              0x00002014   Section        0  gpio_driver.o(i.gpio_configure_pin_iotype)
    gpio_configure_pin_iotype                0x00002015   Thumb Code    38  gpio_driver.o(i.gpio_configure_pin_iotype)
    i.gpio_configure_pin_mode                0x0000203a   Section        0  gpio_driver.o(i.gpio_configure_pin_mode)
    gpio_configure_pin_mode                  0x0000203b   Thumb Code    28  gpio_driver.o(i.gpio_configure_pin_mode)
    i.gpio_configure_pin_pupd                0x00002056   Section        0  gpio_driver.o(i.gpio_configure_pin_pupd)
    gpio_configure_pin_pupd                  0x00002057   Thumb Code    62  gpio_driver.o(i.gpio_configure_pin_pupd)
    i.gpio_configure_pin_unlock              0x00002094   Section        0  gpio_driver.o(i.gpio_configure_pin_unlock)
    gpio_configure_pin_unlock                0x00002095   Thumb Code    22  gpio_driver.o(i.gpio_configure_pin_unlock)
    i.gpio_init                              0x000020b0   Section        0  gpio_driver.o(i.gpio_init)
    i.gpio_set_alt_function                  0x00002104   Section        0  gpio_driver.o(i.gpio_set_alt_function)
    gpio_set_alt_function                    0x00002105   Thumb Code    68  gpio_driver.o(i.gpio_set_alt_function)
    i.main                                   0x00002148   Section        0  uart_app3.o(i.main)
    locale$$code                             0x00002220   Section       44  lc_numeric_c.o(locale$$code)
    locale$$code                             0x0000224c   Section       44  lc_ctype_c.o(locale$$code)
    x$fpl$dadd                               0x00002278   Section      336  daddsub_clz.o(x$fpl$dadd)
    $v0                                      0x00002278   Number         0  daddsub_clz.o(x$fpl$dadd)
    _dadd1                                   0x00002289   Thumb Code     0  daddsub_clz.o(x$fpl$dadd)
    x$fpl$dfix                               0x000023c8   Section       94  dfix.o(x$fpl$dfix)
    $v0                                      0x000023c8   Number         0  dfix.o(x$fpl$dfix)
    x$fpl$dfixu                              0x00002428   Section       90  dfixu.o(x$fpl$dfixu)
    $v0                                      0x00002428   Number         0  dfixu.o(x$fpl$dfixu)
    x$fpl$dflt                               0x00002482   Section       46  dflt_clz.o(x$fpl$dflt)
    $v0                                      0x00002482   Number         0  dflt_clz.o(x$fpl$dflt)
    x$fpl$dfltu                              0x000024b0   Section       38  dflt_clz.o(x$fpl$dfltu)
    $v0                                      0x000024b0   Number         0  dflt_clz.o(x$fpl$dfltu)
    x$fpl$dmul                               0x000024d8   Section      340  dmul.o(x$fpl$dmul)
    $v0                                      0x000024d8   Number         0  dmul.o(x$fpl$dmul)
    x$fpl$dnaninf                            0x0000262c   Section      156  dnaninf.o(x$fpl$dnaninf)
    $v0                                      0x0000262c   Number         0  dnaninf.o(x$fpl$dnaninf)
    x$fpl$dretinf                            0x000026c8   Section       12  dretinf.o(x$fpl$dretinf)
    $v0                                      0x000026c8   Number         0  dretinf.o(x$fpl$dretinf)
    x$fpl$drsb                               0x000026d4   Section       22  daddsub_clz.o(x$fpl$drsb)
    $v0                                      0x000026d4   Number         0  daddsub_clz.o(x$fpl$drsb)
    x$fpl$dsub                               0x000026ec   Section      468  daddsub_clz.o(x$fpl$dsub)
    $v0                                      0x000026ec   Number         0  daddsub_clz.o(x$fpl$dsub)
    _dsub1                                   0x000026fd   Thumb Code     0  daddsub_clz.o(x$fpl$dsub)
    x$fpl$fpinit                             0x000028c0   Section       10  fpinit.o(x$fpl$fpinit)
    $v0                                      0x000028c0   Number         0  fpinit.o(x$fpl$fpinit)
    x$fpl$printf1                            0x000028ca   Section        4  printf1.o(x$fpl$printf1)
    $v0                                      0x000028ca   Number         0  printf1.o(x$fpl$printf1)
    x$fpl$printf2                            0x000028ce   Section        4  printf2.o(x$fpl$printf2)
    $v0                                      0x000028ce   Number         0  printf2.o(x$fpl$printf2)
    x$fpl$usenofp                            0x000028d2   Section        0  usenofp.o(x$fpl$usenofp)
    .constdata                               0x000028d4   Section        8  _printf_wctomb.o(.constdata)
    initial_mbstate                          0x000028d4   Data           8  _printf_wctomb.o(.constdata)
    .constdata                               0x000028dc   Section       40  _printf_hex_int_ll_ptr.o(.constdata)
    uc_hextab                                0x000028dc   Data          20  _printf_hex_int_ll_ptr.o(.constdata)
    lc_hextab                                0x000028f0   Data          20  _printf_hex_int_ll_ptr.o(.constdata)
    .constdata                               0x00002904   Section       17  __printf_flags_ss_wp.o(.constdata)
    maptable                                 0x00002904   Data          17  __printf_flags_ss_wp.o(.constdata)
    .constdata                               0x00002915   Section       38  _printf_fp_hex.o(.constdata)
    lc_hextab                                0x00002915   Data          19  _printf_fp_hex.o(.constdata)
    uc_hextab                                0x00002928   Data          19  _printf_fp_hex.o(.constdata)
    .constdata                               0x0000293c   Section      148  bigflt0.o(.constdata)
    tenpwrs_x                                0x0000293c   Data          60  bigflt0.o(.constdata)
    tenpwrs_i                                0x00002978   Data          64  bigflt0.o(.constdata)
    locale$$data                             0x000029e0   Section       28  lc_numeric_c.o(locale$$data)
    __lcnum_c_name                           0x000029e4   Data           2  lc_numeric_c.o(locale$$data)
    __lcnum_c_start                          0x000029ec   Data           0  lc_numeric_c.o(locale$$data)
    __lcnum_c_point                          0x000029f8   Data           0  lc_numeric_c.o(locale$$data)
    __lcnum_c_thousands                      0x000029fa   Data           0  lc_numeric_c.o(locale$$data)
    __lcnum_c_grouping                       0x000029fb   Data           0  lc_numeric_c.o(locale$$data)
    locale$$data                             0x000029fc   Section      272  lc_ctype_c.o(locale$$data)
    __lcnum_c_end                            0x000029fc   Data           0  lc_numeric_c.o(locale$$data)
    __lcctype_c_name                         0x00002a00   Data           2  lc_ctype_c.o(locale$$data)
    __lcctype_c_start                        0x00002a08   Data           0  lc_ctype_c.o(locale$$data)
    __lcctype_c_end                          0x00002b0c   Data           0  lc_ctype_c.o(locale$$data)
    .bss                                     0x20000000   Section       96  libspace.o(.bss)
    HEAP                                     0x20000060   Section        0  startup_tm4c123.o(HEAP)
    STACK                                    0x20000060   Section      512  startup_tm4c123.o(STACK)
    Heap_Mem                                 0x20000060   Data           0  startup_tm4c123.o(HEAP)
    Stack_Mem                                0x20000060   Data         512  startup_tm4c123.o(STACK)
    __initial_sp                             0x20000260   Data           0  startup_tm4c123.o(STACK)

    Global Symbols

    Symbol Name                              Value     Ov Type        Size  Object(Section)

    BuildAttributes$$THM_ISAv4$E$P$D$K$B$S$7EM$VFPi3$EXTD16$VFPS$VFMA$PE$A:L22UL41UL21$X:L11$S22US41US21$IEEE1$IW$USESV6$~STKCKD$USESV7$~SHL$OTIME$ROPI$IEEEJ$EBA8$UX$STANDARDLIB$REQ8$PRES8$EABIv2 0x00000000   Number         0  anon$$obj.o ABSOLUTE
    __ARM_use_no_argv                        0x00000000   Number         0  uart_app3.o ABSOLUTE
    __Vectors                                0x00000000   Data           4  startup_tm4c123.o(RESET)
    _printf_flags                            0x00000000   Number         0  printf_stubs.o ABSOLUTE
    _printf_return_value                     0x00000000   Number         0  printf_stubs.o ABSOLUTE
    _printf_sizespec                         0x00000000   Number         0  printf_stubs.o ABSOLUTE
    _printf_widthprec                        0x00000000   Number         0  printf_stubs.o ABSOLUTE
    __ARM_exceptions_init                     - Undefined Weak Reference
    __alloca_initialize                       - Undefined Weak Reference
    __arm_preinit_                            - Undefined Weak Reference
    __cpp_initialize__aeabi_                  - Undefined Weak Reference
    __cxa_finalize                            - Undefined Weak Reference
    __sigvec_lookup                           - Undefined Weak Reference
    _atexit_init                              - Undefined Weak Reference
    _call_atexit_fns                          - Undefined Weak Reference
    _clock_init                               - Undefined Weak Reference
    _fp_trap_init                             - Undefined Weak Reference
    _fp_trap_shutdown                         - Undefined Weak Reference
    _get_lc_collate                           - Undefined Weak Reference
    _get_lc_monetary                          - Undefined Weak Reference
    _get_lc_time                              - Undefined Weak Reference
    _getenv_init                              - Undefined Weak Reference
    _handle_redirection                       - Undefined Weak Reference
    _init_alloc                               - Undefined Weak Reference
    _init_user_alloc                          - Undefined Weak Reference
    _initio                                   - Undefined Weak Reference
    _printf_mbtowc                            - Undefined Weak Reference
    _printf_wc                                - Undefined Weak Reference
    _rand_init                                - Undefined Weak Reference
    _signal_finish                            - Undefined Weak Reference
    _signal_init                              - Undefined Weak Reference
    _terminate_alloc                          - Undefined Weak Reference
    _terminate_user_alloc                     - Undefined Weak Reference
    _terminateio                              - Undefined Weak Reference
    __Vectors_End                            0x0000026c   Data           0  startup_tm4c123.o(RESET)
    __Vectors_Size                           0x0000026c   Number         0  startup_tm4c123.o ABSOLUTE
    __main                                   0x0000026d   Thumb Code     8  __main.o(!!!main)
    __scatterload                            0x00000275   Thumb Code     0  __scatter.o(!!!scatter)
    __scatterload_rt2                        0x00000275   Thumb Code    44  __scatter.o(!!!scatter)
    __scatterload_rt2_thumb_only             0x00000275   Thumb Code     0  __scatter.o(!!!scatter)
    __scatterload_null                       0x00000283   Thumb Code     0  __scatter.o(!!!scatter)
    __scatterload_zeroinit                   0x000002a9   Thumb Code    28  __scatter_zi.o(!!handler_zi)
    _printf_n                                0x000002c5   Thumb Code     0  _printf_n.o(.ARM.Collect$$_printf_percent$$00000001)
    _printf_percent                          0x000002c5   Thumb Code     0  _printf_percent.o(.ARM.Collect$$_printf_percent$$00000000)
    _printf_p                                0x000002cb   Thumb Code     0  _printf_p.o(.ARM.Collect$$_printf_percent$$00000002)
    _printf_f                                0x000002d1   Thumb Code     0  _printf_f.o(.ARM.Collect$$_printf_percent$$00000003)
    _printf_e                                0x000002d7   Thumb Code     0  _printf_e.o(.ARM.Collect$$_printf_percent$$00000004)
    _printf_g                                0x000002dd   Thumb Code     0  _printf_g.o(.ARM.Collect$$_printf_percent$$00000005)
    _printf_a                                0x000002e3   Thumb Code     0  _printf_a.o(.ARM.Collect$$_printf_percent$$00000006)
    _printf_ll                               0x000002e9   Thumb Code     0  _printf_ll.o(.ARM.Collect$$_printf_percent$$00000007)
    _printf_i                                0x000002f3   Thumb Code     0  _printf_i.o(.ARM.Collect$$_printf_percent$$00000008)
    _printf_d                                0x000002f9   Thumb Code     0  _printf_d.o(.ARM.Collect$$_printf_percent$$00000009)
    _printf_u                                0x000002ff   Thumb Code     0  _printf_u.o(.ARM.Collect$$_printf_percent$$0000000A)
    _printf_o                                0x00000305   Thumb Code     0  _printf_o.o(.ARM.Collect$$_printf_percent$$0000000B)
    _printf_x                                0x0000030b   Thumb Code     0  _printf_x.o(.ARM.Collect$$_printf_percent$$0000000C)
    _printf_lli                              0x00000311   Thumb Code     0  _printf_lli.o(.ARM.Collect$$_printf_percent$$0000000D)
    _printf_lld                              0x00000317   Thumb Code     0  _printf_lld.o(.ARM.Collect$$_printf_percent$$0000000E)
    _printf_llu                              0x0000031d   Thumb Code     0  _printf_llu.o(.ARM.Collect$$_printf_percent$$0000000F)
    _printf_llo                              0x00000323   Thumb Code     0  _printf_llo.o(.ARM.Collect$$_printf_percent$$00000010)
    _printf_llx                              0x00000329   Thumb Code     0  _printf_llx.o(.ARM.Collect$$_printf_percent$$00000011)
    _printf_l                                0x0000032f   Thumb Code     0  _printf_l.o(.ARM.Collect$$_printf_percent$$00000012)
    _printf_c                                0x00000339   Thumb Code     0  _printf_c.o(.ARM.Collect$$_printf_percent$$00000013)
    _printf_s                                0x0000033f   Thumb Code     0  _printf_s.o(.ARM.Collect$$_printf_percent$$00000014)
    _printf_lc                               0x00000345   Thumb Code     0  _printf_lc.o(.ARM.Collect$$_printf_percent$$00000015)
    _printf_ls                               0x0000034b   Thumb Code     0  _printf_ls.o(.ARM.Collect$$_printf_percent$$00000016)
    _printf_percent_end                      0x00000351   Thumb Code     0  _printf_percent_end.o(.ARM.Collect$$_printf_percent$$00000017)
    __rt_lib_init                            0x00000355   Thumb Code     0  libinit.o(.ARM.Collect$$libinit$$00000000)
    __rt_lib_init_fp_1                       0x00000357   Thumb Code     0  libinit2.o(.ARM.Collect$$libinit$$00000001)
    __rt_lib_init_heap_1                     0x0000035b   Thumb Code     0  libinit2.o(.ARM.Collect$$libinit$$0000000A)
    __rt_lib_init_lc_common                  0x0000035b   Thumb Code     0  libinit2.o(.ARM.Collect$$libinit$$0000000F)
    __rt_lib_init_preinit_1                  0x0000035b   Thumb Code     0  libinit2.o(.ARM.Collect$$libinit$$00000004)
    __rt_lib_init_rand_1                     0x0000035b   Thumb Code     0  libinit2.o(.ARM.Collect$$libinit$$0000000E)
    __rt_lib_init_user_alloc_1               0x0000035b   Thumb Code     0  libinit2.o(.ARM.Collect$$libinit$$0000000C)
    __rt_lib_init_lc_collate_1               0x00000361   Thumb Code     0  libinit2.o(.ARM.Collect$$libinit$$00000011)
    __rt_lib_init_lc_ctype_2                 0x00000361   Thumb Code     0  libinit2.o(.ARM.Collect$$libinit$$00000012)
    __rt_lib_init_lc_ctype_1                 0x0000036d   Thumb Code     0  libinit2.o(.ARM.Collect$$libinit$$00000013)
    __rt_lib_init_lc_monetary_1              0x0000036d   Thumb Code     0  libinit2.o(.ARM.Collect$$libinit$$00000015)
    __rt_lib_init_lc_numeric_2               0x0000036d   Thumb Code     0  libinit2.o(.ARM.Collect$$libinit$$00000016)
    __rt_lib_init_alloca_1                   0x00000377   Thumb Code     0  libinit2.o(.ARM.Collect$$libinit$$0000002E)
    __rt_lib_init_argv_1                     0x00000377   Thumb Code     0  libinit2.o(.ARM.Collect$$libinit$$0000002C)
    __rt_lib_init_atexit_1                   0x00000377   Thumb Code     0  libinit2.o(.ARM.Collect$$libinit$$0000001B)
    __rt_lib_init_clock_1                    0x00000377   Thumb Code     0  libinit2.o(.ARM.Collect$$libinit$$00000021)
    __rt_lib_init_cpp_1                      0x00000377   Thumb Code     0  libinit2.o(.ARM.Collect$$libinit$$00000032)
    __rt_lib_init_exceptions_1               0x00000377   Thumb Code     0  libinit2.o(.ARM.Collect$$libinit$$00000030)
    __rt_lib_init_fp_trap_1                  0x00000377   Thumb Code     0  libinit2.o(.ARM.Collect$$libinit$$0000001F)
    __rt_lib_init_getenv_1                   0x00000377   Thumb Code     0  libinit2.o(.ARM.Collect$$libinit$$00000023)
    __rt_lib_init_lc_numeric_1               0x00000377   Thumb Code     0  libinit2.o(.ARM.Collect$$libinit$$00000017)
    __rt_lib_init_lc_time_1                  0x00000377   Thumb Code     0  libinit2.o(.ARM.Collect$$libinit$$00000019)
    __rt_lib_init_return                     0x00000377   Thumb Code     0  libinit2.o(.ARM.Collect$$libinit$$00000033)
    __rt_lib_init_signal_1                   0x00000377   Thumb Code     0  libinit2.o(.ARM.Collect$$libinit$$0000001D)
    __rt_lib_init_stdio_1                    0x00000377   Thumb Code     0  libinit2.o(.ARM.Collect$$libinit$$00000025)
    __rt_lib_shutdown                        0x00000379   Thumb Code     0  libshutdown.o(.ARM.Collect$$libshutdown$$00000000)
    __rt_lib_shutdown_cpp_1                  0x0000037b   Thumb Code     0  libshutdown2.o(.ARM.Collect$$libshutdown$$00000002)
    __rt_lib_shutdown_fp_trap_1              0x0000037b   Thumb Code     0  libshutdown2.o(.ARM.Collect$$libshutdown$$00000007)
    __rt_lib_shutdown_heap_1                 0x0000037b   Thumb Code     0  libshutdown2.o(.ARM.Collect$$libshutdown$$0000000F)
    __rt_lib_shutdown_return                 0x0000037b   Thumb Code     0  libshutdown2.o(.ARM.Collect$$libshutdown$$00000010)
    __rt_lib_shutdown_signal_1               0x0000037b   Thumb Code     0  libshutdown2.o(.ARM.Collect$$libshutdown$$0000000A)
    __rt_lib_shutdown_stdio_1                0x0000037b   Thumb Code     0  libshutdown2.o(.ARM.Collect$$libshutdown$$00000004)
    __rt_lib_shutdown_user_alloc_1           0x0000037b   Thumb Code     0  libshutdown2.o(.ARM.Collect$$libshutdown$$0000000C)
    __rt_entry                               0x0000037d   Thumb Code     0  __rtentry.o(.ARM.Collect$$rtentry$$00000000)
    __rt_entry_presh_1                       0x0000037d   Thumb Code     0  __rtentry2.o(.ARM.Collect$$rtentry$$00000002)
    __rt_entry_sh                            0x0000037d   Thumb Code     0  __rtentry4.o(.ARM.Collect$$rtentry$$00000004)
    __rt_entry_li                            0x00000383   Thumb Code     0  __rtentry2.o(.ARM.Collect$$rtentry$$0000000A)
    __rt_entry_postsh_1                      0x00000383   Thumb Code     0  __rtentry2.o(.ARM.Collect$$rtentry$$00000009)
    __rt_entry_main                          0x00000387   Thumb Code     0  __rtentry2.o(.ARM.Collect$$rtentry$$0000000D)
    __rt_entry_postli_1                      0x00000387   Thumb Code     0  __rtentry2.o(.ARM.Collect$$rtentry$$0000000C)
    __rt_exit                                0x0000038f   Thumb Code     0  rtexit.o(.ARM.Collect$$rtexit$$00000000)
    __rt_exit_ls                             0x00000391   Thumb Code     0  rtexit2.o(.ARM.Collect$$rtexit$$00000003)
    __rt_exit_prels_1                        0x00000391   Thumb Code     0  rtexit2.o(.ARM.Collect$$rtexit$$00000002)
    __rt_exit_exit                           0x00000395   Thumb Code     0  rtexit2.o(.ARM.Collect$$rtexit$$00000004)
    Reset_Handler                            0x0000039d   Thumb Code     8  startup_tm4c123.o(.text)
    NMI_Handler                              0x000003a5   Thumb Code     2  startup_tm4c123.o(.text)
    HardFault_Handler                        0x000003a7   Thumb Code     2  startup_tm4c123.o(.text)
    MemManage_Handler                        0x000003a9   Thumb Code     2  startup_tm4c123.o(.text)
    BusFault_Handler                         0x000003ab   Thumb Code     2  startup_tm4c123.o(.text)
    UsageFault_Handler                       0x000003ad   Thumb Code     2  startup_tm4c123.o(.text)
    SVC_Handler                              0x000003af   Thumb Code     2  startup_tm4c123.o(.text)
    DebugMon_Handler                         0x000003b1   Thumb Code     2  startup_tm4c123.o(.text)
    PendSV_Handler                           0x000003b3   Thumb Code     2  startup_tm4c123.o(.text)
    SysTick_Handler                          0x000003b5   Thumb Code     2  startup_tm4c123.o(.text)
    GPIOA_Handler                            0x000003b7   Thumb Code     2  startup_tm4c123.o(.text)
    GPIOB_Handler                            0x000003b9   Thumb Code     2  startup_tm4c123.o(.text)
    GPIOC_Handler                            0x000003bb   Thumb Code     2  startup_tm4c123.o(.text)
    GPIOD_Handler                            0x000003bd   Thumb Code     2  startup_tm4c123.o(.text)
    GPIOE_Handler                            0x000003bf   Thumb Code     2  startup_tm4c123.o(.text)
    UART0_Handler                            0x000003c1   Thumb Code     2  startup_tm4c123.o(.text)
    UART1_Handler                            0x000003c3   Thumb Code     2  startup_tm4c123.o(.text)
    SSI0_Handler                             0x000003c5   Thumb Code     2  startup_tm4c123.o(.text)
    I2C0_Handler                             0x000003c7   Thumb Code     2  startup_tm4c123.o(.text)
    PMW0_FAULT_Handler                       0x000003c9   Thumb Code     2  startup_tm4c123.o(.text)
    PWM0_0_Handler                           0x000003cb   Thumb Code     2  startup_tm4c123.o(.text)
    PWM0_1_Handler                           0x000003cd   Thumb Code     2  startup_tm4c123.o(.text)
    PWM0_2_Handler                           0x000003cf   Thumb Code     2  startup_tm4c123.o(.text)
    QEI0_Handler                             0x000003d1   Thumb Code     2  startup_tm4c123.o(.text)
    ADC0SS0_Handler                          0x000003d3   Thumb Code     2  startup_tm4c123.o(.text)
    ADC0SS1_Handler                          0x000003d5   Thumb Code     2  startup_tm4c123.o(.text)
    ADC0SS2_Handler                          0x000003d7   Thumb Code     2  startup_tm4c123.o(.text)
    ADC0SS3_Handler                          0x000003d9   Thumb Code     2  startup_tm4c123.o(.text)
    WDT0_Handler                             0x000003db   Thumb Code     2  startup_tm4c123.o(.text)
    TIMER0A_Handler                          0x000003dd   Thumb Code     2  startup_tm4c123.o(.text)
    TIMER0B_Handler                          0x000003df   Thumb Code     2  startup_tm4c123.o(.text)
    TIMER1A_Handler                          0x000003e1   Thumb Code     2  startup_tm4c123.o(.text)
    TIMER1B_Handler                          0x000003e3   Thumb Code     2  startup_tm4c123.o(.text)
    TIMER2A_Handler                          0x000003e5   Thumb Code     2  startup_tm4c123.o(.text)
    TIMER2B_Handler                          0x000003e7   Thumb Code     2  startup_tm4c123.o(.text)
    COMP0_Handler                            0x000003e9   Thumb Code     2  startup_tm4c123.o(.text)
    COMP1_Handler                            0x000003eb   Thumb Code     2  startup_tm4c123.o(.text)
    COMP2_Handler                            0x000003ed   Thumb Code     2  startup_tm4c123.o(.text)
    SYSCTL_Handler                           0x000003ef   Thumb Code     2  startup_tm4c123.o(.text)
    FLASH_Handler                            0x000003f1   Thumb Code     2  startup_tm4c123.o(.text)
    GPIOF_Handler                            0x000003f3   Thumb Code     2  startup_tm4c123.o(.text)
    GPIOG_Handler                            0x000003f5   Thumb Code     2  startup_tm4c123.o(.text)
    GPIOH_Handler                            0x000003f7   Thumb Code     2  startup_tm4c123.o(.text)
    UART2_Handler                            0x000003f9   Thumb Code     2  startup_tm4c123.o(.text)
    SSI1_Handler                             0x000003fb   Thumb Code     2  startup_tm4c123.o(.text)
    TIMER3A_Handler                          0x000003fd   Thumb Code     2  startup_tm4c123.o(.text)
    TIMER3B_Handler                          0x000003ff   Thumb Code     2  startup_tm4c123.o(.text)
    I2C1_Handler                             0x00000401   Thumb Code     2  startup_tm4c123.o(.text)
    QEI1_Handler                             0x00000403   Thumb Code     2  startup_tm4c123.o(.text)
    CAN0_Handler                             0x00000405   Thumb Code     2  startup_tm4c123.o(.text)
    CAN1_Handler                             0x00000407   Thumb Code     2  startup_tm4c123.o(.text)
    CAN2_Handler                             0x00000409   Thumb Code     2  startup_tm4c123.o(.text)
    HIB_Handler                              0x0000040b   Thumb Code     2  startup_tm4c123.o(.text)
    USB0_Handler                             0x0000040d   Thumb Code     2  startup_tm4c123.o(.text)
    PWM0_3_Handler                           0x0000040f   Thumb Code     2  startup_tm4c123.o(.text)
    UDMA_Handler                             0x00000411   Thumb Code     2  startup_tm4c123.o(.text)
    UDMAERR_Handler                          0x00000413   Thumb Code     2  startup_tm4c123.o(.text)
    ADC1SS0_Handler                          0x00000415   Thumb Code     2  startup_tm4c123.o(.text)
    ADC1SS1_Handler                          0x00000417   Thumb Code     2  startup_tm4c123.o(.text)
    ADC1SS2_Handler                          0x00000419   Thumb Code     2  startup_tm4c123.o(.text)
    ADC1SS3_Handler                          0x0000041b   Thumb Code     2  startup_tm4c123.o(.text)
    GPIOJ_Handler                            0x0000041d   Thumb Code     2  startup_tm4c123.o(.text)
    GPIOK_Handler                            0x0000041f   Thumb Code     2  startup_tm4c123.o(.text)
    GPIOL_Handler                            0x00000421   Thumb Code     2  startup_tm4c123.o(.text)
    SSI2_Handler                             0x00000423   Thumb Code     2  startup_tm4c123.o(.text)
    SSI3_Handler                             0x00000425   Thumb Code     2  startup_tm4c123.o(.text)
    UART3_Handler                            0x00000427   Thumb Code     2  startup_tm4c123.o(.text)
    UART4_Handler                            0x00000429   Thumb Code     2  startup_tm4c123.o(.text)
    UART5_Handler                            0x0000042b   Thumb Code     2  startup_tm4c123.o(.text)
    UART6_Handler                            0x0000042d   Thumb Code     2  startup_tm4c123.o(.text)
    UART7_Handler                            0x0000042f   Thumb Code     2  startup_tm4c123.o(.text)
    I2C2_Handler                             0x00000431   Thumb Code     2  startup_tm4c123.o(.text)
    I2C3_Handler                             0x00000433   Thumb Code     2  startup_tm4c123.o(.text)
    TIMER4A_Handler                          0x00000435   Thumb Code     2  startup_tm4c123.o(.text)
    TIMER4B_Handler                          0x00000437   Thumb Code     2  startup_tm4c123.o(.text)
    TIMER5A_Handler                          0x00000439   Thumb Code     2  startup_tm4c123.o(.text)
    TIMER5B_Handler                          0x0000043b   Thumb Code     2  startup_tm4c123.o(.text)
    WTIMER0A_Handler                         0x0000043d   Thumb Code     2  startup_tm4c123.o(.text)
    WTIMER0B_Handler                         0x0000043f   Thumb Code     2  startup_tm4c123.o(.text)
    WTIMER1A_Handler                         0x00000441   Thumb Code     2  startup_tm4c123.o(.text)
    WTIMER1B_Handler                         0x00000443   Thumb Code     2  startup_tm4c123.o(.text)
    WTIMER2A_Handler                         0x00000445   Thumb Code     2  startup_tm4c123.o(.text)
    WTIMER2B_Handler                         0x00000447   Thumb Code     2  startup_tm4c123.o(.text)
    WTIMER3A_Handler                         0x00000449   Thumb Code     2  startup_tm4c123.o(.text)
    WTIMER3B_Handler                         0x0000044b   Thumb Code     2  startup_tm4c123.o(.text)
    WTIMER4A_Handler                         0x0000044d   Thumb Code     2  startup_tm4c123.o(.text)
    WTIMER4B_Handler                         0x0000044f   Thumb Code     2  startup_tm4c123.o(.text)
    WTIMER5A_Handler                         0x00000451   Thumb Code     2  startup_tm4c123.o(.text)
    WTIMER5B_Handler                         0x00000453   Thumb Code     2  startup_tm4c123.o(.text)
    FPU_Handler                              0x00000455   Thumb Code     2  startup_tm4c123.o(.text)
    I2C4_Handler                             0x00000457   Thumb Code     2  startup_tm4c123.o(.text)
    I2C5_Handler                             0x00000459   Thumb Code     2  startup_tm4c123.o(.text)
    GPIOM_Handler                            0x0000045b   Thumb Code     2  startup_tm4c123.o(.text)
    GPION_Handler                            0x0000045d   Thumb Code     2  startup_tm4c123.o(.text)
    QEI2_Handler                             0x0000045f   Thumb Code     2  startup_tm4c123.o(.text)
    GPIOP0_Handler                           0x00000461   Thumb Code     2  startup_tm4c123.o(.text)
    GPIOP1_Handler                           0x00000463   Thumb Code     2  startup_tm4c123.o(.text)
    GPIOP2_Handler                           0x00000465   Thumb Code     2  startup_tm4c123.o(.text)
    GPIOP3_Handler                           0x00000467   Thumb Code     2  startup_tm4c123.o(.text)
    GPIOP4_Handler                           0x00000469   Thumb Code     2  startup_tm4c123.o(.text)
    GPIOP5_Handler                           0x0000046b   Thumb Code     2  startup_tm4c123.o(.text)
    GPIOP6_Handler                           0x0000046d   Thumb Code     2  startup_tm4c123.o(.text)
    GPIOP7_Handler                           0x0000046f   Thumb Code     2  startup_tm4c123.o(.text)
    GPIOQ0_Handler                           0x00000471   Thumb Code     2  startup_tm4c123.o(.text)
    GPIOQ1_Handler                           0x00000473   Thumb Code     2  startup_tm4c123.o(.text)
    GPIOQ2_Handler                           0x00000475   Thumb Code     2  startup_tm4c123.o(.text)
    GPIOQ3_Handler                           0x00000477   Thumb Code     2  startup_tm4c123.o(.text)
    GPIOQ4_Handler                           0x00000479   Thumb Code     2  startup_tm4c123.o(.text)
    GPIOQ5_Handler                           0x0000047b   Thumb Code     2  startup_tm4c123.o(.text)
    GPIOQ6_Handler                           0x0000047d   Thumb Code     2  startup_tm4c123.o(.text)
    GPIOQ7_Handler                           0x0000047f   Thumb Code     2  startup_tm4c123.o(.text)
    GPIOR_Handler                            0x00000481   Thumb Code     2  startup_tm4c123.o(.text)
    GPIOS_Handler                            0x00000483   Thumb Code     2  startup_tm4c123.o(.text)
    PMW1_0_Handler                           0x00000485   Thumb Code     2  startup_tm4c123.o(.text)
    PWM1_1_Handler                           0x00000487   Thumb Code     2  startup_tm4c123.o(.text)
    PWM1_2_Handler                           0x00000489   Thumb Code     2  startup_tm4c123.o(.text)
    PWM1_3_Handler                           0x0000048b   Thumb Code     2  startup_tm4c123.o(.text)
    PWM1_FAULT_Handler                       0x0000048d   Thumb Code     2  startup_tm4c123.o(.text)
    __user_initial_stackheap                 0x00000491   Thumb Code     0  startup_tm4c123.o(.text)
    vsprintf                                 0x000004b1   Thumb Code    32  vsprintf.o(.text)
    __use_two_region_memory                  0x000004d5   Thumb Code     2  heapauxi.o(.text)
    __rt_heap_escrow$2region                 0x000004d7   Thumb Code     2  heapauxi.o(.text)
    __rt_heap_expand$2region                 0x000004d9   Thumb Code     2  heapauxi.o(.text)
    _printf_pre_padding                      0x000004db   Thumb Code    44  _printf_pad.o(.text)
    _printf_post_padding                     0x00000507   Thumb Code    34  _printf_pad.o(.text)
    _printf_truncate_signed                  0x00000529   Thumb Code    18  _printf_truncate.o(.text)
    _printf_truncate_unsigned                0x0000053b   Thumb Code    18  _printf_truncate.o(.text)
    _printf_str                              0x0000054d   Thumb Code    82  _printf_str.o(.text)
    _printf_int_dec                          0x000005a1   Thumb Code   104  _printf_dec.o(.text)
    _printf_charcount                        0x00000619   Thumb Code    40  _printf_charcount.o(.text)
    _printf_char_common                      0x0000064b   Thumb Code    32  _printf_char_common.o(.text)
    _sputc                                   0x00000671   Thumb Code    10  _sputc.o(.text)
    _printf_wctomb                           0x0000067d   Thumb Code   182  _printf_wctomb.o(.text)
    _printf_longlong_dec                     0x00000739   Thumb Code   108  _printf_longlong_dec.o(.text)
    _printf_longlong_oct                     0x000007b5   Thumb Code    66  _printf_oct_int_ll.o(.text)
    _printf_int_oct                          0x000007f7   Thumb Code    24  _printf_oct_int_ll.o(.text)
    _printf_ll_oct                           0x0000080f   Thumb Code    12  _printf_oct_int_ll.o(.text)
    _printf_longlong_hex                     0x00000825   Thumb Code    86  _printf_hex_int_ll_ptr.o(.text)
    _printf_int_hex                          0x0000087b   Thumb Code    28  _printf_hex_int_ll_ptr.o(.text)
    _printf_ll_hex                           0x00000897   Thumb Code    12  _printf_hex_int_ll_ptr.o(.text)
    _printf_hex_ptr                          0x000008a3   Thumb Code    18  _printf_hex_int_ll_ptr.o(.text)
    __printf                                 0x000008b9   Thumb Code   388  __printf_flags_ss_wp.o(.text)
    _ll_udiv10                               0x00000a41   Thumb Code   138  lludiv10.o(.text)
    _printf_int_common                       0x00000acb   Thumb Code   178  _printf_intcommon.o(.text)
    __lib_sel_fp_printf                      0x00000b7d   Thumb Code     2  _printf_fp_dec.o(.text)
    _printf_fp_dec_real                      0x00000d2f   Thumb Code   620  _printf_fp_dec.o(.text)
    _printf_fp_hex_real                      0x00000f9d   Thumb Code   756  _printf_fp_hex.o(.text)
    _printf_cs_common                        0x00001299   Thumb Code    20  _printf_char.o(.text)
    _printf_char                             0x000012ad   Thumb Code    16  _printf_char.o(.text)
    _printf_string                           0x000012bd   Thumb Code     8  _printf_char.o(.text)
    _printf_lcs_common                       0x000012c5   Thumb Code    20  _printf_wchar.o(.text)
    _printf_wchar                            0x000012d9   Thumb Code    16  _printf_wchar.o(.text)
    _printf_wstring                          0x000012e9   Thumb Code     8  _printf_wchar.o(.text)
    _wcrtomb                                 0x000012f1   Thumb Code    64  _wcrtomb.o(.text)
    __user_setup_stackheap                   0x00001331   Thumb Code    74  sys_stackheap_outer.o(.text)
    __rt_ctype_table                         0x0000137d   Thumb Code    16  rt_ctype_table.o(.text)
    __rt_locale                              0x0000138d   Thumb Code     8  rt_locale_intlibspace.o(.text)
    _printf_fp_infnan                        0x00001395   Thumb Code   112  _printf_fp_infnan.o(.text)
    _btod_etento                             0x00001415   Thumb Code   224  bigflt0.o(.text)
    exit                                     0x000014f9   Thumb Code    18  exit.o(.text)
    __user_libspace                          0x0000150d   Thumb Code     8  libspace.o(.text)
    __user_perproc_libspace                  0x0000150d   Thumb Code     0  libspace.o(.text)
    __user_perthread_libspace                0x0000150d   Thumb Code     0  libspace.o(.text)
    strcmp                                   0x00001515   Thumb Code   128  strcmpv7m.o(.text)
    _sys_exit                                0x00001595   Thumb Code     8  sys_exit.o(.text)
    __I$use$semihosting                      0x000015a1   Thumb Code     0  use_no_semi.o(.text)
    __use_no_semihosting_swi                 0x000015a1   Thumb Code     2  use_no_semi.o(.text)
    __semihosting_library_function           0x000015a3   Thumb Code     0  indicate_semi.o(.text)
    _btod_d2e                                0x000015a3   Thumb Code    62  btod.o(CL$$btod_d2e)
    _d2e_denorm_low                          0x000015e1   Thumb Code    70  btod.o(CL$$btod_d2e_denorm_low)
    _d2e_norm_op1                            0x00001627   Thumb Code    96  btod.o(CL$$btod_d2e_norm_op1)
    __btod_div_common                        0x00001687   Thumb Code   696  btod.o(CL$$btod_div_common)
    _e2e                                     0x000019bf   Thumb Code   220  btod.o(CL$$btod_e2e)
    _btod_ediv                               0x00001a9b   Thumb Code    42  btod.o(CL$$btod_ediv)
    _btod_emul                               0x00001ac5   Thumb Code    42  btod.o(CL$$btod_emul)
    __btod_mult_common                       0x00001aef   Thumb Code   580  btod.o(CL$$btod_mult_common)
    BaudRateDevisor                          0x00001d35   Thumb Code   122  uart_debug.o(i.BaudRateDevisor)
    DebugUartPrintf                          0x00001dc5   Thumb Code    42  uart_debug.o(i.DebugUartPrintf)
    DebugUartStart                           0x00001df5   Thumb Code   154  uart_debug.o(i.DebugUartStart)
    SystemInit                               0x00001ea1   Thumb Code   112  system_tm4c123.o(i.SystemInit)
    UARTBaudFracDivSet                       0x00001f39   Thumb Code     4  uart_driver.o(i.UARTBaudFracDivSet)
    UARTBaudIntDivSet                        0x00001f3d   Thumb Code     4  uart_driver.o(i.UARTBaudIntDivSet)
    UARTDisable                              0x00001f41   Thumb Code    10  uart_driver.o(i.UARTDisable)
    UARTEnable                               0x00001f4b   Thumb Code    10  uart_driver.o(i.UARTEnable)
    UARTFlagCheck                            0x00001f55   Thumb Code    18  uart_driver.o(i.UARTFlagCheck)
    UARTLineControlSet                       0x00001f67   Thumb Code     8  uart_driver.o(i.UARTLineControlSet)
    UARTTransmit                             0x00001f6f   Thumb Code    64  uart_debug.o(i.UARTTransmit)
    UARTWordWidthSet                         0x00001faf   Thumb Code    10  uart_driver.o(i.UARTWordWidthSet)
    UARTWriteByte                            0x00001fb9   Thumb Code     4  uart_driver.o(i.UARTWriteByte)
    __ARM_fpclassify                         0x00001fbd   Thumb Code    48  fpclassify.o(i.__ARM_fpclassify)
    _is_digit                                0x00001fed   Thumb Code    14  __printf_wp.o(i._is_digit)
    delay                                    0x00001ffd   Thumb Code    20  uart_app3.o(i.delay)
    gpio_init                                0x000020b1   Thumb Code    84  gpio_driver.o(i.gpio_init)
    main                                     0x00002149   Thumb Code    96  uart_app3.o(i.main)
    _get_lc_numeric                          0x00002221   Thumb Code    44  lc_numeric_c.o(locale$$code)
    _get_lc_ctype                            0x0000224d   Thumb Code    44  lc_ctype_c.o(locale$$code)
    __aeabi_dadd                             0x00002279   Thumb Code     0  daddsub_clz.o(x$fpl$dadd)
    _dadd                                    0x00002279   Thumb Code   332  daddsub_clz.o(x$fpl$dadd)
    __aeabi_d2iz                             0x000023c9   Thumb Code     0  dfix.o(x$fpl$dfix)
    _dfix                                    0x000023c9   Thumb Code    94  dfix.o(x$fpl$dfix)
    __aeabi_d2uiz                            0x00002429   Thumb Code     0  dfixu.o(x$fpl$dfixu)
    _dfixu                                   0x00002429   Thumb Code    90  dfixu.o(x$fpl$dfixu)
    __aeabi_i2d                              0x00002483   Thumb Code     0  dflt_clz.o(x$fpl$dflt)
    _dflt                                    0x00002483   Thumb Code    46  dflt_clz.o(x$fpl$dflt)
    __aeabi_ui2d                             0x000024b1   Thumb Code     0  dflt_clz.o(x$fpl$dfltu)
    _dfltu                                   0x000024b1   Thumb Code    38  dflt_clz.o(x$fpl$dfltu)
    __aeabi_dmul                             0x000024d9   Thumb Code     0  dmul.o(x$fpl$dmul)
    _dmul                                    0x000024d9   Thumb Code   332  dmul.o(x$fpl$dmul)
    __fpl_dnaninf                            0x0000262d   Thumb Code   156  dnaninf.o(x$fpl$dnaninf)
    __fpl_dretinf                            0x000026c9   Thumb Code    12  dretinf.o(x$fpl$dretinf)
    __aeabi_drsub                            0x000026d5   Thumb Code     0  daddsub_clz.o(x$fpl$drsb)
    _drsb                                    0x000026d5   Thumb Code    22  daddsub_clz.o(x$fpl$drsb)
    __aeabi_dsub                             0x000026ed   Thumb Code     0  daddsub_clz.o(x$fpl$dsub)
    _dsub                                    0x000026ed   Thumb Code   464  daddsub_clz.o(x$fpl$dsub)
    _fp_init                                 0x000028c1   Thumb Code    10  fpinit.o(x$fpl$fpinit)
    __fplib_config_fpu_vfp                   0x000028c9   Thumb Code     0  fpinit.o(x$fpl$fpinit)
    __fplib_config_pureend_doubles           0x000028c9   Thumb Code     0  fpinit.o(x$fpl$fpinit)
    _printf_fp_dec                           0x000028cb   Thumb Code     4  printf1.o(x$fpl$printf1)
    _printf_fp_hex                           0x000028cf   Thumb Code     4  printf2.o(x$fpl$printf2)
    __I$use$fp                               0x000028d2   Number         0  usenofp.o(x$fpl$usenofp)
    Region$$Table$$Base                      0x000029d0   Number         0  anon$$obj.o(Region$$Table)
    Region$$Table$$Limit                     0x000029e0   Number         0  anon$$obj.o(Region$$Table)
    __ctype                                  0x00002a09   Data           0  lc_ctype_c.o(locale$$data)
    __libspace_start                         0x20000000   Data          96  libspace.o(.bss)
    __temporary_stack_top$libspace           0x20000060   Data           0  libspace.o(.bss)



==============================================================================

Memory Map of the image

  Image Entry point : 0x0000039d

  Load Region LR_1 (Base: 0x00000000, Size: 0x00002b0c, Max: 0xffffffff, ABSOLUTE)

    Execution Region ER_RO (Exec base: 0x00000000, Load base: 0x00000000, Size: 0x00002b0c, Max: 0xffffffff, ABSOLUTE)

    Exec Addr    Load Addr    Size         Type   Attr      Idx    E Section Name        Object

    0x00000000   0x00000000   0x0000026c   Data   RO          558    RESET               startup_tm4c123.o
    0x0000026c   0x0000026c   0x00000008   Code   RO          671  * !!!main             c_w.l(__main.o)
    0x00000274   0x00000274   0x00000034   Code   RO         1018    !!!scatter          c_w.l(__scatter.o)
    0x000002a8   0x000002a8   0x0000001c   Code   RO         1020    !!handler_zi        c_w.l(__scatter_zi.o)
    0x000002c4   0x000002c4   0x00000000   Code   RO          777    .ARM.Collect$$_printf_percent$$00000000  c_w.l(_printf_percent.o)
    0x000002c4   0x000002c4   0x00000006   Code   RO          766    .ARM.Collect$$_printf_percent$$00000001  c_w.l(_printf_n.o)
    0x000002ca   0x000002ca   0x00000006   Code   RO          768    .ARM.Collect$$_printf_percent$$00000002  c_w.l(_printf_p.o)
    0x000002d0   0x000002d0   0x00000006   Code   RO          773    .ARM.Collect$$_printf_percent$$00000003  c_w.l(_printf_f.o)
    0x000002d6   0x000002d6   0x00000006   Code   RO          774    .ARM.Collect$$_printf_percent$$00000004  c_w.l(_printf_e.o)
    0x000002dc   0x000002dc   0x00000006   Code   RO          775    .ARM.Collect$$_printf_percent$$00000005  c_w.l(_printf_g.o)
    0x000002e2   0x000002e2   0x00000006   Code   RO          776    .ARM.Collect$$_printf_percent$$00000006  c_w.l(_printf_a.o)
    0x000002e8   0x000002e8   0x0000000a   Code   RO          781    .ARM.Collect$$_printf_percent$$00000007  c_w.l(_printf_ll.o)
    0x000002f2   0x000002f2   0x00000006   Code   RO          770    .ARM.Collect$$_printf_percent$$00000008  c_w.l(_printf_i.o)
    0x000002f8   0x000002f8   0x00000006   Code   RO          771    .ARM.Collect$$_printf_percent$$00000009  c_w.l(_printf_d.o)
    0x000002fe   0x000002fe   0x00000006   Code   RO          772    .ARM.Collect$$_printf_percent$$0000000A  c_w.l(_printf_u.o)
    0x00000304   0x00000304   0x00000006   Code   RO          769    .ARM.Collect$$_printf_percent$$0000000B  c_w.l(_printf_o.o)
    0x0000030a   0x0000030a   0x00000006   Code   RO          767    .ARM.Collect$$_printf_percent$$0000000C  c_w.l(_printf_x.o)
    0x00000310   0x00000310   0x00000006   Code   RO          778    .ARM.Collect$$_printf_percent$$0000000D  c_w.l(_printf_lli.o)
    0x00000316   0x00000316   0x00000006   Code   RO          779    .ARM.Collect$$_printf_percent$$0000000E  c_w.l(_printf_lld.o)
    0x0000031c   0x0000031c   0x00000006   Code   RO          780    .ARM.Collect$$_printf_percent$$0000000F  c_w.l(_printf_llu.o)
    0x00000322   0x00000322   0x00000006   Code   RO          785    .ARM.Collect$$_printf_percent$$00000010  c_w.l(_printf_llo.o)
    0x00000328   0x00000328   0x00000006   Code   RO          786    .ARM.Collect$$_printf_percent$$00000011  c_w.l(_printf_llx.o)
    0x0000032e   0x0000032e   0x0000000a   Code   RO          782    .ARM.Collect$$_printf_percent$$00000012  c_w.l(_printf_l.o)
    0x00000338   0x00000338   0x00000006   Code   RO          764    .ARM.Collect$$_printf_percent$$00000013  c_w.l(_printf_c.o)
    0x0000033e   0x0000033e   0x00000006   Code   RO          765    .ARM.Collect$$_printf_percent$$00000014  c_w.l(_printf_s.o)
    0x00000344   0x00000344   0x00000006   Code   RO          783    .ARM.Collect$$_printf_percent$$00000015  c_w.l(_printf_lc.o)
    0x0000034a   0x0000034a   0x00000006   Code   RO          784    .ARM.Collect$$_printf_percent$$00000016  c_w.l(_printf_ls.o)
    0x00000350   0x00000350   0x00000004   Code   RO          830    .ARM.Collect$$_printf_percent$$00000017  c_w.l(_printf_percent_end.o)
    0x00000354   0x00000354   0x00000002   Code   RO          879    .ARM.Collect$$libinit$$00000000  c_w.l(libinit.o)
    0x00000356   0x00000356   0x00000004   Code   RO          894    .ARM.Collect$$libinit$$00000001  c_w.l(libinit2.o)
    0x0000035a   0x0000035a   0x00000000   Code   RO          897    .ARM.Collect$$libinit$$00000004  c_w.l(libinit2.o)
    0x0000035a   0x0000035a   0x00000000   Code   RO          900    .ARM.Collect$$libinit$$0000000A  c_w.l(libinit2.o)
    0x0000035a   0x0000035a   0x00000000   Code   RO          902    .ARM.Collect$$libinit$$0000000C  c_w.l(libinit2.o)
    0x0000035a   0x0000035a   0x00000000   Code   RO          904    .ARM.Collect$$libinit$$0000000E  c_w.l(libinit2.o)
    0x0000035a   0x0000035a   0x00000006   Code   RO          905    .ARM.Collect$$libinit$$0000000F  c_w.l(libinit2.o)
    0x00000360   0x00000360   0x00000000   Code   RO          907    .ARM.Collect$$libinit$$00000011  c_w.l(libinit2.o)
    0x00000360   0x00000360   0x0000000c   Code   RO          908    .ARM.Collect$$libinit$$00000012  c_w.l(libinit2.o)
    0x0000036c   0x0000036c   0x00000000   Code   RO          909    .ARM.Collect$$libinit$$00000013  c_w.l(libinit2.o)
    0x0000036c   0x0000036c   0x00000000   Code   RO          911    .ARM.Collect$$libinit$$00000015  c_w.l(libinit2.o)
    0x0000036c   0x0000036c   0x0000000a   Code   RO          912    .ARM.Collect$$libinit$$00000016  c_w.l(libinit2.o)
    0x00000376   0x00000376   0x00000000   Code   RO          913    .ARM.Collect$$libinit$$00000017  c_w.l(libinit2.o)
    0x00000376   0x00000376   0x00000000   Code   RO          915    .ARM.Collect$$libinit$$00000019  c_w.l(libinit2.o)
    0x00000376   0x00000376   0x00000000   Code   RO          917    .ARM.Collect$$libinit$$0000001B  c_w.l(libinit2.o)
    0x00000376   0x00000376   0x00000000   Code   RO          919    .ARM.Collect$$libinit$$0000001D  c_w.l(libinit2.o)
    0x00000376   0x00000376   0x00000000   Code   RO          921    .ARM.Collect$$libinit$$0000001F  c_w.l(libinit2.o)
    0x00000376   0x00000376   0x00000000   Code   RO          923    .ARM.Collect$$libinit$$00000021  c_w.l(libinit2.o)
    0x00000376   0x00000376   0x00000000   Code   RO          925    .ARM.Collect$$libinit$$00000023  c_w.l(libinit2.o)
    0x00000376   0x00000376   0x00000000   Code   RO          927    .ARM.Collect$$libinit$$00000025  c_w.l(libinit2.o)
    0x00000376   0x00000376   0x00000000   Code   RO          931    .ARM.Collect$$libinit$$0000002C  c_w.l(libinit2.o)
    0x00000376   0x00000376   0x00000000   Code   RO          933    .ARM.Collect$$libinit$$0000002E  c_w.l(libinit2.o)
    0x00000376   0x00000376   0x00000000   Code   RO          935    .ARM.Collect$$libinit$$00000030  c_w.l(libinit2.o)
    0x00000376   0x00000376   0x00000000   Code   RO          937    .ARM.Collect$$libinit$$00000032  c_w.l(libinit2.o)
    0x00000376   0x00000376   0x00000002   Code   RO          938    .ARM.Collect$$libinit$$00000033  c_w.l(libinit2.o)
    0x00000378   0x00000378   0x00000002   Code   RO          958    .ARM.Collect$$libshutdown$$00000000  c_w.l(libshutdown.o)
    0x0000037a   0x0000037a   0x00000000   Code   RO          971    .ARM.Collect$$libshutdown$$00000002  c_w.l(libshutdown2.o)
    0x0000037a   0x0000037a   0x00000000   Code   RO          973    .ARM.Collect$$libshutdown$$00000004  c_w.l(libshutdown2.o)
    0x0000037a   0x0000037a   0x00000000   Code   RO          976    .ARM.Collect$$libshutdown$$00000007  c_w.l(libshutdown2.o)
    0x0000037a   0x0000037a   0x00000000   Code   RO          979    .ARM.Collect$$libshutdown$$0000000A  c_w.l(libshutdown2.o)
    0x0000037a   0x0000037a   0x00000000   Code   RO          981    .ARM.Collect$$libshutdown$$0000000C  c_w.l(libshutdown2.o)
    0x0000037a   0x0000037a   0x00000000   Code   RO          984    .ARM.Collect$$libshutdown$$0000000F  c_w.l(libshutdown2.o)
    0x0000037a   0x0000037a   0x00000002   Code   RO          985    .ARM.Collect$$libshutdown$$00000010  c_w.l(libshutdown2.o)
    0x0000037c   0x0000037c   0x00000000   Code   RO          695    .ARM.Collect$$rtentry$$00000000  c_w.l(__rtentry.o)
    0x0000037c   0x0000037c   0x00000000   Code   RO          801    .ARM.Collect$$rtentry$$00000002  c_w.l(__rtentry2.o)
    0x0000037c   0x0000037c   0x00000006   Code   RO          813    .ARM.Collect$$rtentry$$00000004  c_w.l(__rtentry4.o)
    0x00000382   0x00000382   0x00000000   Code   RO          803    .ARM.Collect$$rtentry$$00000009  c_w.l(__rtentry2.o)
    0x00000382   0x00000382   0x00000004   Code   RO          804    .ARM.Collect$$rtentry$$0000000A  c_w.l(__rtentry2.o)
    0x00000386   0x00000386   0x00000000   Code   RO          806    .ARM.Collect$$rtentry$$0000000C  c_w.l(__rtentry2.o)
    0x00000386   0x00000386   0x00000008   Code   RO          807    .ARM.Collect$$rtentry$$0000000D  c_w.l(__rtentry2.o)
    0x0000038e   0x0000038e   0x00000002   Code   RO          887    .ARM.Collect$$rtexit$$00000000  c_w.l(rtexit.o)
    0x00000390   0x00000390   0x00000000   Code   RO          940    .ARM.Collect$$rtexit$$00000002  c_w.l(rtexit2.o)
    0x00000390   0x00000390   0x00000004   Code   RO          941    .ARM.Collect$$rtexit$$00000003  c_w.l(rtexit2.o)
    0x00000394   0x00000394   0x00000006   Code   RO          942    .ARM.Collect$$rtexit$$00000004  c_w.l(rtexit2.o)
    0x0000039a   0x0000039a   0x00000002   PAD
    0x0000039c   0x0000039c   0x00000114   Code   RO          559  * .text               startup_tm4c123.o
    0x000004b0   0x000004b0   0x00000024   Code   RO          667    .text               c_w.l(vsprintf.o)
    0x000004d4   0x000004d4   0x00000006   Code   RO          669    .text               c_w.l(heapauxi.o)
    0x000004da   0x000004da   0x0000004e   Code   RO          698    .text               c_w.l(_printf_pad.o)
    0x00000528   0x00000528   0x00000024   Code   RO          700    .text               c_w.l(_printf_truncate.o)
    0x0000054c   0x0000054c   0x00000052   Code   RO          702    .text               c_w.l(_printf_str.o)
    0x0000059e   0x0000059e   0x00000002   PAD
    0x000005a0   0x000005a0   0x00000078   Code   RO          704    .text               c_w.l(_printf_dec.o)
    0x00000618   0x00000618   0x00000028   Code   RO          706    .text               c_w.l(_printf_charcount.o)
    0x00000640   0x00000640   0x00000030   Code   RO          708    .text               c_w.l(_printf_char_common.o)
    0x00000670   0x00000670   0x0000000a   Code   RO          710    .text               c_w.l(_sputc.o)
    0x0000067a   0x0000067a   0x00000002   PAD
    0x0000067c   0x0000067c   0x000000bc   Code   RO          712    .text               c_w.l(_printf_wctomb.o)
    0x00000738   0x00000738   0x0000007c   Code   RO          715    .text               c_w.l(_printf_longlong_dec.o)
    0x000007b4   0x000007b4   0x00000070   Code   RO          721    .text               c_w.l(_printf_oct_int_ll.o)
    0x00000824   0x00000824   0x00000094   Code   RO          741    .text               c_w.l(_printf_hex_int_ll_ptr.o)
    0x000008b8   0x000008b8   0x00000188   Code   RO          761    .text               c_w.l(__printf_flags_ss_wp.o)
    0x00000a40   0x00000a40   0x0000008a   Code   RO          815    .text               c_w.l(lludiv10.o)
    0x00000aca   0x00000aca   0x000000b2   Code   RO          817    .text               c_w.l(_printf_intcommon.o)
    0x00000b7c   0x00000b7c   0x0000041e   Code   RO          819    .text               c_w.l(_printf_fp_dec.o)
    0x00000f9a   0x00000f9a   0x00000002   PAD
    0x00000f9c   0x00000f9c   0x000002fc   Code   RO          821    .text               c_w.l(_printf_fp_hex.o)
    0x00001298   0x00001298   0x0000002c   Code   RO          826    .text               c_w.l(_printf_char.o)
    0x000012c4   0x000012c4   0x0000002c   Code   RO          828    .text               c_w.l(_printf_wchar.o)
    0x000012f0   0x000012f0   0x00000040   Code   RO          831    .text               c_w.l(_wcrtomb.o)
    0x00001330   0x00001330   0x0000004a   Code   RO          833    .text               c_w.l(sys_stackheap_outer.o)
    0x0000137a   0x0000137a   0x00000002   PAD
    0x0000137c   0x0000137c   0x00000010   Code   RO          835    .text               c_w.l(rt_ctype_table.o)
    0x0000138c   0x0000138c   0x00000008   Code   RO          840    .text               c_w.l(rt_locale_intlibspace.o)
    0x00001394   0x00001394   0x00000080   Code   RO          842    .text               c_w.l(_printf_fp_infnan.o)
    0x00001414   0x00001414   0x000000e4   Code   RO          844    .text               c_w.l(bigflt0.o)
    0x000014f8   0x000014f8   0x00000012   Code   RO          872    .text               c_w.l(exit.o)
    0x0000150a   0x0000150a   0x00000002   PAD
    0x0000150c   0x0000150c   0x00000008   Code   RO          884    .text               c_w.l(libspace.o)
    0x00001514   0x00001514   0x00000080   Code   RO          892    .text               c_w.l(strcmpv7m.o)
    0x00001594   0x00001594   0x0000000c   Code   RO          950    .text               c_w.l(sys_exit.o)
    0x000015a0   0x000015a0   0x00000002   Code   RO          961    .text               c_w.l(use_no_semi.o)
    0x000015a2   0x000015a2   0x00000000   Code   RO          963    .text               c_w.l(indicate_semi.o)
    0x000015a2   0x000015a2   0x0000003e   Code   RO          847    CL$$btod_d2e        c_w.l(btod.o)
    0x000015e0   0x000015e0   0x00000046   Code   RO          849    CL$$btod_d2e_denorm_low  c_w.l(btod.o)
    0x00001626   0x00001626   0x00000060   Code   RO          848    CL$$btod_d2e_norm_op1  c_w.l(btod.o)
    0x00001686   0x00001686   0x00000338   Code   RO          857    CL$$btod_div_common  c_w.l(btod.o)
    0x000019be   0x000019be   0x000000dc   Code   RO          854    CL$$btod_e2e        c_w.l(btod.o)
    0x00001a9a   0x00001a9a   0x0000002a   Code   RO          851    CL$$btod_ediv       c_w.l(btod.o)
    0x00001ac4   0x00001ac4   0x0000002a   Code   RO          850    CL$$btod_emul       c_w.l(btod.o)
    0x00001aee   0x00001aee   0x00000244   Code   RO          856    CL$$btod_mult_common  c_w.l(btod.o)
    0x00001d32   0x00001d32   0x00000002   PAD
    0x00001d34   0x00001d34   0x00000090   Code   RO          610    i.BaudRateDevisor   uart_debug.lib(uart_debug.o)
    0x00001dc4   0x00001dc4   0x00000030   Code   RO          611    i.DebugUartPrintf   uart_debug.lib(uart_debug.o)
    0x00001df4   0x00001df4   0x000000ac   Code   RO          612    i.DebugUartStart    uart_debug.lib(uart_debug.o)
    0x00001ea0   0x00001ea0   0x00000098   Code   RO          567    i.SystemInit        system_tm4c123.o
    0x00001f38   0x00001f38   0x00000004   Code   RO            8    i.UARTBaudFracDivSet  uart_driver.o
    0x00001f3c   0x00001f3c   0x00000004   Code   RO           10    i.UARTBaudIntDivSet  uart_driver.o
    0x00001f40   0x00001f40   0x0000000a   Code   RO           16    i.UARTDisable       uart_driver.o
    0x00001f4a   0x00001f4a   0x0000000a   Code   RO           17    i.UARTEnable        uart_driver.o
    0x00001f54   0x00001f54   0x00000012   Code   RO           20    i.UARTFlagCheck     uart_driver.o
    0x00001f66   0x00001f66   0x00000008   Code   RO           28    i.UARTLineControlSet  uart_driver.o
    0x00001f6e   0x00001f6e   0x00000040   Code   RO          613    i.UARTTransmit      uart_debug.lib(uart_debug.o)
    0x00001fae   0x00001fae   0x0000000a   Code   RO           55    i.UARTWordWidthSet  uart_driver.o
    0x00001fb8   0x00001fb8   0x00000004   Code   RO           56    i.UARTWriteByte     uart_driver.o
    0x00001fbc   0x00001fbc   0x00000030   Code   RO          882    i.__ARM_fpclassify  m_wm.l(fpclassify.o)
    0x00001fec   0x00001fec   0x0000000e   Code   RO          754    i._is_digit         c_w.l(__printf_wp.o)
    0x00001ffa   0x00001ffa   0x00000002   PAD
    0x00001ffc   0x00001ffc   0x00000018   Code   RO          526    i.delay             uart_app3.o
    0x00002014   0x00002014   0x00000026   Code   RO          380    i.gpio_configure_pin_iotype  gpio_driver.o
    0x0000203a   0x0000203a   0x0000001c   Code   RO          381    i.gpio_configure_pin_mode  gpio_driver.o
    0x00002056   0x00002056   0x0000003e   Code   RO          382    i.gpio_configure_pin_pupd  gpio_driver.o
    0x00002094   0x00002094   0x0000001c   Code   RO          383    i.gpio_configure_pin_unlock  gpio_driver.o
    0x000020b0   0x000020b0   0x00000054   Code   RO          385    i.gpio_init         gpio_driver.o
    0x00002104   0x00002104   0x00000044   Code   RO          387    i.gpio_set_alt_function  gpio_driver.o
    0x00002148   0x00002148   0x000000d8   Code   RO          527    i.main              uart_app3.o
    0x00002220   0x00002220   0x0000002c   Code   RO          870    locale$$code        c_w.l(lc_numeric_c.o)
    0x0000224c   0x0000224c   0x0000002c   Code   RO          890    locale$$code        c_w.l(lc_ctype_c.o)
    0x00002278   0x00002278   0x00000150   Code   RO          673    x$fpl$dadd          fz_wm.l(daddsub_clz.o)
    0x000023c8   0x000023c8   0x0000005e   Code   RO          679    x$fpl$dfix          fz_wm.l(dfix.o)
    0x00002426   0x00002426   0x00000002   PAD
    0x00002428   0x00002428   0x0000005a   Code   RO          683    x$fpl$dfixu         fz_wm.l(dfixu.o)
    0x00002482   0x00002482   0x0000002e   Code   RO          688    x$fpl$dflt          fz_wm.l(dflt_clz.o)
    0x000024b0   0x000024b0   0x00000026   Code   RO          687    x$fpl$dfltu         fz_wm.l(dflt_clz.o)
    0x000024d6   0x000024d6   0x00000002   PAD
    0x000024d8   0x000024d8   0x00000154   Code   RO          693    x$fpl$dmul          fz_wm.l(dmul.o)
    0x0000262c   0x0000262c   0x0000009c   Code   RO          787    x$fpl$dnaninf       fz_wm.l(dnaninf.o)
    0x000026c8   0x000026c8   0x0000000c   Code   RO          789    x$fpl$dretinf       fz_wm.l(dretinf.o)
    0x000026d4   0x000026d4   0x00000016   Code   RO          674    x$fpl$drsb          fz_wm.l(daddsub_clz.o)
    0x000026ea   0x000026ea   0x00000002   PAD
    0x000026ec   0x000026ec   0x000001d4   Code   RO          675    x$fpl$dsub          fz_wm.l(daddsub_clz.o)
    0x000028c0   0x000028c0   0x0000000a   Code   RO          948    x$fpl$fpinit        fz_wm.l(fpinit.o)
    0x000028ca   0x000028ca   0x00000004   Code   RO          791    x$fpl$printf1       fz_wm.l(printf1.o)
    0x000028ce   0x000028ce   0x00000004   Code   RO          793    x$fpl$printf2       fz_wm.l(printf2.o)
    0x000028d2   0x000028d2   0x00000000   Code   RO          799    x$fpl$usenofp       fz_wm.l(usenofp.o)
    0x000028d2   0x000028d2   0x00000002   PAD
    0x000028d4   0x000028d4   0x00000008   Data   RO          713    .constdata          c_w.l(_printf_wctomb.o)
    0x000028dc   0x000028dc   0x00000028   Data   RO          742    .constdata          c_w.l(_printf_hex_int_ll_ptr.o)
    0x00002904   0x00002904   0x00000011   Data   RO          762    .constdata          c_w.l(__printf_flags_ss_wp.o)
    0x00002915   0x00002915   0x00000026   Data   RO          822    .constdata          c_w.l(_printf_fp_hex.o)
    0x0000293b   0x0000293b   0x00000001   PAD
    0x0000293c   0x0000293c   0x00000094   Data   RO          845    .constdata          c_w.l(bigflt0.o)
    0x000029d0   0x000029d0   0x00000010   Data   RO         1016    Region$$Table       anon$$obj.o
    0x000029e0   0x000029e0   0x0000001c   Data   RO          869    locale$$data        c_w.l(lc_numeric_c.o)
    0x000029fc   0x000029fc   0x00000110   Data   RO          889    locale$$data        c_w.l(lc_ctype_c.o)


    Execution Region ER_RW (Exec base: 0x20000000, Load base: 0x00002b0c, Size: 0x00000000, Max: 0xffffffff, ABSOLUTE)

    **** No section assigned to this execution region ****


    Execution Region ER_ZI (Exec base: 0x20000000, Load base: 0x00002b0c, Size: 0x00000260, Max: 0xffffffff, ABSOLUTE)

    Exec Addr    Load Addr    Size         Type   Attr      Idx    E Section Name        Object

    0x20000000        -       0x00000060   Zero   RW          885    .bss                c_w.l(libspace.o)
    0x20000060        -       0x00000000   Zero   RW          557    HEAP                startup_tm4c123.o
    0x20000060        -       0x00000200   Zero   RW          556    STACK               startup_tm4c123.o


==============================================================================

Image component sizes


      Code (inc. data)   RO Data    RW Data    ZI Data      Debug   Object Name

       308          6          0          0          0       7052   gpio_driver.o
       276         24        620          0        512       5448   startup_tm4c123.o
       152         40          0          0          0        597   system_tm4c123.o
       240        124          0          0          0       1007   uart_app3.o
        68          0          0          0          0      31220   uart_driver.o

    ----------------------------------------------------------------------
      1044        194        636          0        512      45324   Object Totals
         0          0         16          0          0          0   (incl. Generated)
         0          0          0          0          0          0   (incl. Padding)

    ----------------------------------------------------------------------

      Code (inc. data)   RO Data    RW Data    ZI Data      Debug   Library Member Name

         8          0          0          0          0         68   __main.o
       392          4         17          0          0         92   __printf_flags_ss_wp.o
        14          0          0          0          0         68   __printf_wp.o
         0          0          0          0          0          0   __rtentry.o
        12          0          0          0          0          0   __rtentry2.o
         6          0          0          0          0          0   __rtentry4.o
        52          8          0          0          0          0   __scatter.o
        28          0          0          0          0          0   __scatter_zi.o
         6          0          0          0          0          0   _printf_a.o
         6          0          0          0          0          0   _printf_c.o
        44          0          0          0          0        108   _printf_char.o
        48          6          0          0          0         96   _printf_char_common.o
        40          0          0          0          0         68   _printf_charcount.o
         6          0          0          0          0          0   _printf_d.o
       120         16          0          0          0         92   _printf_dec.o
         6          0          0          0          0          0   _printf_e.o
         6          0          0          0          0          0   _printf_f.o
      1054          0          0          0          0        216   _printf_fp_dec.o
       764          8         38          0          0        100   _printf_fp_hex.o
       128         16          0          0          0         84   _printf_fp_infnan.o
         6          0          0          0          0          0   _printf_g.o
       148          4         40          0          0        160   _printf_hex_int_ll_ptr.o
         6          0          0          0          0          0   _printf_i.o
       178          0          0          0          0         88   _printf_intcommon.o
        10          0          0          0          0          0   _printf_l.o
         6          0          0          0          0          0   _printf_lc.o
        10          0          0          0          0          0   _printf_ll.o
         6          0          0          0          0          0   _printf_lld.o
         6          0          0          0          0          0   _printf_lli.o
         6          0          0          0          0          0   _printf_llo.o
         6          0          0          0          0          0   _printf_llu.o
         6          0          0          0          0          0   _printf_llx.o
       124         16          0          0          0         92   _printf_longlong_dec.o
         6          0          0          0          0          0   _printf_ls.o
         6          0          0          0          0          0   _printf_n.o
         6          0          0          0          0          0   _printf_o.o
       112         10          0          0          0        124   _printf_oct_int_ll.o
         6          0          0          0          0          0   _printf_p.o
        78          0          0          0          0        108   _printf_pad.o
         0          0          0          0          0          0   _printf_percent.o
         4          0          0          0          0          0   _printf_percent_end.o
         6          0          0          0          0          0   _printf_s.o
        82          0          0          0          0         80   _printf_str.o
        36          0          0          0          0         84   _printf_truncate.o
         6          0          0          0          0          0   _printf_u.o
        44          0          0          0          0        108   _printf_wchar.o
       188          6          8          0          0         92   _printf_wctomb.o
         6          0          0          0          0          0   _printf_x.o
        10          0          0          0          0         68   _sputc.o
        64          0          0          0          0         92   _wcrtomb.o
       228          4        148          0          0         96   bigflt0.o
      1936        128          0          0          0        672   btod.o
        18          0          0          0          0         80   exit.o
         6          0          0          0          0        152   heapauxi.o
         0          0          0          0          0          0   indicate_semi.o
        44         10        272          0          0         76   lc_ctype_c.o
        44         10         28          0          0         76   lc_numeric_c.o
         2          0          0          0          0          0   libinit.o
        34          0          0          0          0          0   libinit2.o
         2          0          0          0          0          0   libshutdown.o
         2          0          0          0          0          0   libshutdown2.o
         8          4          0          0         96         68   libspace.o
       138          0          0          0          0         80   lludiv10.o
        16          4          0          0          0         76   rt_ctype_table.o
         8          4          0          0          0         68   rt_locale_intlibspace.o
         2          0          0          0          0          0   rtexit.o
        10          0          0          0          0          0   rtexit2.o
       128          0          0          0          0         68   strcmpv7m.o
        12          4          0          0          0         68   sys_exit.o
        74          0          0          0          0         80   sys_stackheap_outer.o
         2          0          0          0          0         68   use_no_semi.o
        36          4          0          0          0         76   vsprintf.o
       826         16          0          0          0        492   daddsub_clz.o
        94          4          0          0          0        140   dfix.o
        90          4          0          0          0        140   dfixu.o
        84          0          0          0          0        232   dflt_clz.o
       340         12          0          0          0        152   dmul.o
       156          4          0          0          0        140   dnaninf.o
        12          0          0          0          0        116   dretinf.o
        10          0          0          0          0        116   fpinit.o
         4          0          0          0          0        116   printf1.o
         4          0          0          0          0        116   printf2.o
         0          0          0          0          0          0   usenofp.o
        48          0          0          0          0        124   fpclassify.o
       428         46          0          0          0       7244   uart_debug.o

    ----------------------------------------------------------------------
      8788        352        552          0         96      13020   Library Totals
        24          0          1          0          0          0   (incl. Padding)

    ----------------------------------------------------------------------

      Code (inc. data)   RO Data    RW Data    ZI Data      Debug   Library Name

      6668        266        551          0         96       3892   c_w.l
      1620         40          0          0          0       1760   fz_wm.l
        48          0          0          0          0        124   m_wm.l
       428         46          0          0          0       7244   uart_debug.lib

    ----------------------------------------------------------------------
      8788        352        552          0         96      13020   Library Totals

    ----------------------------------------------------------------------

==============================================================================


      Code (inc. data)   RO Data    RW Data    ZI Data      Debug   

      9832        546       1188          0        608      53196   Grand Totals
      9832        546       1188          0        608      53196   ELF Image Totals
      9832        546       1188          0          0          0   ROM Totals

==============================================================================

    Total RO  Size (Code + RO Data)                11020 (  10.76kB)
    Total RW  Size (RW Data + ZI Data)               608 (   0.59kB)
    Total ROM Size (Code + RO Data + RW Data)      11020 (  10.76kB)

==============================================================================

